Archive member included to satisfy reference by file (symbol)

../libDaisy/build/libdaisy.a(daisy_petal.o)
                              build/main.o (daisy::DaisyPetal::StartAudio(void (*)(float const*, float*, unsigned int)))
../libDaisy/build/libdaisy.a(daisy_seed.o)
                              ../libDaisy/build/libdaisy.a(daisy_petal.o) (daisy::DaisySeed::Configure())
../libDaisy/build/libdaisy.a(codec_ak4556.o)
                              ../libDaisy/build/libdaisy.a(daisy_seed.o) (daisy::Ak4556::Init(dsy_gpio_pin))
../libDaisy/build/libdaisy.a(codec_wm8731.o)
                              ../libDaisy/build/libdaisy.a(daisy_seed.o) (daisy::Wm8731::Init(daisy::Wm8731::Config const&, daisy::I2CHandle))
../libDaisy/build/libdaisy.a(sdram.o)
                              ../libDaisy/build/libdaisy.a(daisy_seed.o) (SdramHandle::Init())
../libDaisy/build/libdaisy.a(audio.o)
                              ../libDaisy/build/libdaisy.a(daisy_seed.o) (daisy::AudioHandle::Init(daisy::AudioHandle::Config const&, daisy::SaiHandle))
../libDaisy/build/libdaisy.a(ctrl.o)
                              ../libDaisy/build/libdaisy.a(daisy_petal.o) (daisy::AnalogControl::Init(unsigned short*, float, bool, bool, float))
../libDaisy/build/libdaisy.a(encoder.o)
                              ../libDaisy/build/libdaisy.a(daisy_petal.o) (daisy::Encoder::Init(dsy_gpio_pin, dsy_gpio_pin, dsy_gpio_pin, float))
../libDaisy/build/libdaisy.a(led.o)
                              build/main.o (daisy::Led::Init(dsy_gpio_pin, bool, float))
../libDaisy/build/libdaisy.a(parameter.o)
                              build/main.o (daisy::Parameter::Init(daisy::AnalogControl, float, float, daisy::Parameter::Curve))
../libDaisy/build/libdaisy.a(switch.o)
                              ../libDaisy/build/libdaisy.a(daisy_petal.o) (daisy::Switch::Init(dsy_gpio_pin, float))
../libDaisy/build/libdaisy.a(adc.o)
                              ../libDaisy/build/libdaisy.a(daisy_petal.o) (daisy::AdcChannelConfig::InitSingle(dsy_gpio_pin, daisy::AdcChannelConfig::ConversionSpeed))
../libDaisy/build/libdaisy.a(gpio.o)
                              ../libDaisy/build/libdaisy.a(daisy_seed.o) (daisy::GPIO::Init(daisy::Pin, daisy::GPIO::Mode, daisy::GPIO::Pull, daisy::GPIO::Speed))
../libDaisy/build/libdaisy.a(i2c.o)
                              ../libDaisy/build/libdaisy.a(daisy_petal.o) (daisy::I2CHandle::Init(daisy::I2CHandle::Config const&))
../libDaisy/build/libdaisy.a(qspi.o)
                              ../libDaisy/build/libdaisy.a(daisy_seed.o) (daisy::QSPIHandle::Init(daisy::QSPIHandle::Config const&))
../libDaisy/build/libdaisy.a(sai.o)
                              ../libDaisy/build/libdaisy.a(daisy_seed.o) (daisy::SaiHandle::Init(daisy::SaiHandle::Config const&))
../libDaisy/build/libdaisy.a(system.o)
                              ../libDaisy/build/libdaisy.a(daisy_seed.o) (daisy::System::DeInit())
../libDaisy/build/libdaisy.a(system_stm32h7xx.o)
                              build/startup_stm32h750xx.o (SystemInit)
../libDaisy/build/libdaisy.a(usbd_conf.o)
                              ../libDaisy/build/libdaisy.a(system.o) (hpcd_USB_OTG_HS)
../libDaisy/build/libdaisy.a(usbh_conf.o)
                              ../libDaisy/build/libdaisy.a(system.o) (hhcd_USB_OTG_HS)
../libDaisy/build/libdaisy.a(hal_map.o)
                              ../libDaisy/build/libdaisy.a(gpio.o) (dsy_hal_map_get_port)
../libDaisy/build/libdaisy.a(stm32h7xx_hal.o)
                              ../libDaisy/build/libdaisy.a(system.o) (HAL_Init)
../libDaisy/build/libdaisy.a(stm32h7xx_hal_adc.o)
                              ../libDaisy/build/libdaisy.a(adc.o) (HAL_ADC_ConfigChannel)
../libDaisy/build/libdaisy.a(stm32h7xx_hal_adc_ex.o)
                              ../libDaisy/build/libdaisy.a(adc.o) (HAL_ADCEx_Calibration_Start)
../libDaisy/build/libdaisy.a(stm32h7xx_hal_cortex.o)
                              ../libDaisy/build/libdaisy.a(stm32h7xx_hal.o) (HAL_NVIC_SetPriorityGrouping)
../libDaisy/build/libdaisy.a(stm32h7xx_hal_dma.o)
                              ../libDaisy/build/libdaisy.a(adc.o) (HAL_DMA_Init)
../libDaisy/build/libdaisy.a(stm32h7xx_hal_gpio.o)
                              ../libDaisy/build/libdaisy.a(sdram.o) (HAL_GPIO_Init)
../libDaisy/build/libdaisy.a(stm32h7xx_hal_hcd.o)
                              ../libDaisy/build/libdaisy.a(usbh_conf.o) (HAL_HCD_HC_Init)
../libDaisy/build/libdaisy.a(stm32h7xx_hal_i2c.o)
                              ../libDaisy/build/libdaisy.a(i2c.o) (HAL_I2C_Init)
../libDaisy/build/libdaisy.a(stm32h7xx_hal_i2c_ex.o)
                              ../libDaisy/build/libdaisy.a(i2c.o) (HAL_I2CEx_ConfigAnalogFilter)
../libDaisy/build/libdaisy.a(stm32h7xx_hal_pcd.o)
                              ../libDaisy/build/libdaisy.a(usbd_conf.o) (HAL_PCD_Init)
../libDaisy/build/libdaisy.a(stm32h7xx_hal_pcd_ex.o)
                              ../libDaisy/build/libdaisy.a(usbd_conf.o) (HAL_PCDEx_SetTxFiFo)
[...]
Memory Configuration

Name             Origin             Length             Attributes
FLASH            0x0000000008000000 0x0000000000020000 xr
DTCMRAM          0x0000000020000000 0x0000000000020000 xrw
SRAM             0x0000000024000000 0x0000000000080000 xrw
RAM_D2           0x0000000030000000 0x0000000000048000 xrw
RAM_D3           0x0000000038000000 0x0000000000010000 xrw
ITCMRAM          0x0000000000000000 0x0000000000010000 xrw
SDRAM            0x00000000c0000000 0x0000000004000000 xrw
QSPIFLASH        0x0000000090000000 0x0000000000800000 xr
*default*        0x0000000000000000 0xffffffffffffffff

Linker script and memory map

LOAD /home/johnmamish/Downloads/software/gcc-arm-none-eabi-10.3-2021.10/bin/../lib/gcc/arm-none-eabi/10.3.1/thumb/v7e-m+dp/hard/crti.o
LOAD /home/johnmamish/Downloads/software/gcc-arm-none-eabi-10.3-2021.10/bin/../lib/gcc/arm-none-eabi/10.3.1/thumb/v7e-m+dp/hard/crtbegin.o
LOAD /home/johnmamish/Downloads/software/gcc-arm-none-eabi-10.3-2021.10/bin/../lib/gcc/arm-none-eabi/10.3.1/../../../../arm-none-eabi/lib/thumb/v7e-m+dp/hard/crt0.o
LOAD build/startup_stm32h750xx.o
LOAD build/main.o
LOAD ../libDaisy/build/libdaisy.a
LOAD /home/johnmamish/Downloads/software/gcc-arm-none-eabi-10.3-2021.10/bin/../lib/gcc/arm-none-eabi/10.3.1/../../../../arm-none-eabi/lib/thumb/v7e-m+dp/hard/libnosys.a
LOAD ../DaisySP/build/libdaisysp.a
LOAD /home/johnmamish/Downloads/software/gcc-arm-none-eabi-10.3-2021.10/bin/../lib/gcc/arm-none-eabi/10.3.1/../../../../arm-none-eabi/lib/thumb/v7e-m+dp/hard/libstdc++_nano.a
LOAD /home/johnmamish/Downloads/software/gcc-arm-none-eabi-10.3-2021.10/bin/../lib/gcc/arm-none-eabi/10.3.1/../../../../arm-none-eabi/lib/thumb/v7e-m+dp/hard/libm.a
LOAD /home/johnmamish/Downloads/software/gcc-arm-none-eabi-10.3-2021.10/bin/../lib/gcc/arm-none-eabi/10.3.1/../../../../arm-none-eabi/lib/thumb/v7e-m+dp/hard/libc_nano.a
START GROUP
LOAD /home/johnmamish/Downloads/software/gcc-arm-none-eabi-10.3-2021.10/bin/../lib/gcc/arm-none-eabi/10.3.1/thumb/v7e-m+dp/hard/libgcc.a
LOAD /home/johnmamish/Downloads/software/gcc-arm-none-eabi-10.3-2021.10/bin/../lib/gcc/arm-none-eabi/10.3.1/../../../../arm-none-eabi/lib/thumb/v7e-m+dp/hard/libc_nano.a
END GROUP
START GROUP
LOAD /home/johnmamish/Downloads/software/gcc-arm-none-eabi-10.3-2021.10/bin/../lib/gcc/arm-none-eabi/10.3.1/thumb/v7e-m+dp/hard/libgcc.a
LOAD /home/johnmamish/Downloads/software/gcc-arm-none-eabi-10.3-2021.10/bin/../lib/gcc/arm-none-eabi/10.3.1/../../../../arm-none-eabi/lib/thumb/v7e-m+dp/hard/libc_nano.a
LOAD /home/johnmamish/Downloads/software/gcc-arm-none-eabi-10.3-2021.10/bin/../lib/gcc/arm-none-eabi/10.3.1/../../../../arm-none-eabi/lib/thumb/v7e-m+dp/hard/libnosys.a
END GROUP
START GROUP
LOAD /home/johnmamish/Downloads/software/gcc-arm-none-eabi-10.3-2021.10/bin/../lib/gcc/arm-none-eabi/10.3.1/thumb/v7e-m+dp/hard/libgcc.a
LOAD /home/johnmamish/Downloads/software/gcc-arm-none-eabi-10.3-2021.10/bin/../lib/gcc/arm-none-eabi/10.3.1/../../../../arm-none-eabi/lib/thumb/v7e-m+dp/hard/libc_nano.a
LOAD /home/johnmamish/Downloads/software/gcc-arm-none-eabi-10.3-2021.10/bin/../lib/gcc/arm-none-eabi/10.3.1/../../../../arm-none-eabi/lib/thumb/v7e-m+dp/hard/libnosys.a
END GROUP
LOAD /home/johnmamish/Downloads/software/gcc-arm-none-eabi-10.3-2021.10/bin/../lib/gcc/arm-none-eabi/10.3.1/thumb/v7e-m+dp/hard/crtend.o
LOAD /home/johnmamish/Downloads/software/gcc-arm-none-eabi-10.3-2021.10/bin/../lib/gcc/arm-none-eabi/10.3.1/thumb/v7e-m+dp/hard/crtn.o
                0x0000000020020000                _estack = 0x20020000

.isr_vector     0x0000000008000000      0x298
                0x0000000008000000                . = ALIGN (0x4)
 *(.isr_vector)
 .isr_vector    0x0000000008000000      0x298 build/startup_stm32h750xx.o
                0x0000000008000000                g_pfnVectors
                0x0000000008000298                . = ALIGN (0x4)

.text           0x0000000008000298    0x14bf0
                0x0000000008000298                . = ALIGN (0x4)
                0x0000000008000298                _stext = .
 *(.text)
 .text          0x0000000008000298       0x40 /home/johnmamish/Downloads/software/gcc-arm-none-eabi-10.3-2021.10/bin/../lib/gcc/arm-none-eabi/10.3.1/thumb/v7e-m+dp/hard/crtbegin.o
 .text          0x00000000080002d8      0x378 /home/johnmamish/Downloads/software/gcc-arm-none-eabi-10.3-2021.10/bin/../lib/gcc/arm-none-eabi/10.3.1/thumb/v7e-m+dp/hard/libgcc.a(_arm_addsubdf3.o)
                0x00000000080002d8                __aeabi_drsub
                0x00000000080002e0                __aeabi_dsub
                0x00000000080002e0                __subdf3
                0x00000000080002e4                __adddf3
                0x00000000080002e4                __aeabi_dadd
                0x000000000800055c                __aeabi_ui2d
                0x000000000800055c                __floatunsidf
                0x000000000800057c                __floatsidf
                0x000000000800057c                __aeabi_i2d
                0x00000000080005a0                __extendsfdf2
                0x00000000080005a0                __aeabi_f2d
                0x00000000080005e4                __aeabi_ul2d
                0x00000000080005e4                __floatundidf
                0x00000000080005f4                __floatdidf
                0x00000000080005f4                __aeabi_l2d
 .text          0x0000000008000650       0x30 /home/johnmamish/Downloads/software/gcc-arm-none-eabi-10.3-2021.10/bin/../lib/gcc/arm-none-eabi/10.3.1/thumb/v7e-m+dp/hard/libgcc.a(_aeabi_uldivmod.o)
                0x0000000008000650                __aeabi_uldivmod
 .text          0x0000000008000680      0x2d0 /home/johnmamish/Downloads/software/gcc-arm-none-eabi-10.3-2021.10/bin/../lib/gcc/arm-none-eabi/10.3.1/thumb/v7e-m+dp/hard/libgcc.a(_udivmoddi4.o)
                0x0000000008000680                __udivmoddi4
 .text          0x0000000008000950        0x4 /home/johnmamish/Downloads/software/gcc-arm-none-eabi-10.3-2021.10/bin/../lib/gcc/arm-none-eabi/10.3.1/thumb/v7e-m+dp/hard/libgcc.a(_dvmd_tls.o)
                0x0000000008000950                __aeabi_ldiv0
                0x0000000008000950                __aeabi_idiv0
 *(.text*)
 .text.Default_Handler
                0x0000000008000954        0x4 build/startup_stm32h750xx.o
                0x0000000008000954                RTC_Alarm_IRQHandler
                0x0000000008000954                HASH_RNG_IRQHandler
                0x0000000008000954                EXTI2_IRQHandler
                0x0000000008000954                TIM8_CC_IRQHandler
                0x0000000008000954                HRTIM1_Master_IRQHandler
                0x0000000008000954                DebugMon_Handler
                0x0000000008000954                TIM1_CC_IRQHandler
                0x0000000008000954                BDMA_Channel6_IRQHandler
                0x0000000008000954                DMA2_Stream5_IRQHandler
                0x0000000008000954                HRTIM1_FLT_IRQHandler
                0x0000000008000954                JPEG_IRQHandler
                0x0000000008000954                BDMA_Channel1_IRQHandler
                0x0000000008000954                HRTIM1_TIMD_IRQHandler
                0x0000000008000954                TAMP_STAMP_IRQHandler
                0x0000000008000954                PendSV_Handler
                0x0000000008000954                NMI_Handler
                0x0000000008000954                EXTI3_IRQHandler
                0x0000000008000954                LPTIM4_IRQHandler
                0x0000000008000954                TIM8_TRG_COM_TIM14_IRQHandler
                0x0000000008000954                LPTIM2_IRQHandler
                0x0000000008000954                DFSDM1_FLT1_IRQHandler
                0x0000000008000954                DMAMUX2_OVR_IRQHandler
                0x0000000008000954                TIM8_UP_TIM13_IRQHandler
                0x0000000008000954                I2C3_ER_IRQHandler
                0x0000000008000954                DFSDM1_FLT2_IRQHandler
                0x0000000008000954                MDMA_IRQHandler
                0x0000000008000954                LPTIM3_IRQHandler
                0x0000000008000954                HSEM1_IRQHandler
                0x0000000008000954                EXTI0_IRQHandler
                0x0000000008000954                FPU_IRQHandler
                0x0000000008000954                OTG_HS_WKUP_IRQHandler
                0x0000000008000954                FDCAN1_IT1_IRQHandler
                0x0000000008000954                UsageFault_Handler
                0x0000000008000954                LTDC_ER_IRQHandler
                0x0000000008000954                HRTIM1_TIME_IRQHandler
                0x0000000008000954                TIM6_DAC_IRQHandler
                0x0000000008000954                DCMI_IRQHandler
                0x0000000008000954                HRTIM1_TIMC_IRQHandler
                0x0000000008000954                SAI2_IRQHandler
                0x0000000008000954                DFSDM1_FLT3_IRQHandler
                0x0000000008000954                TIM17_IRQHandler
                0x0000000008000954                CRYP_IRQHandler
                0x0000000008000954                BDMA_Channel7_IRQHandler
                0x0000000008000954                LPTIM5_IRQHandler
                0x0000000008000954                ADC3_IRQHandler
                0x0000000008000954                DMA2_Stream0_IRQHandler
                0x0000000008000954                BDMA_Channel2_IRQHandler
                0x0000000008000954                DMAMUX1_OVR_IRQHandler
                0x0000000008000954                TIM16_IRQHandler
                0x0000000008000954                BDMA_Channel5_IRQHandler
                0x0000000008000954                RCC_IRQHandler
                0x0000000008000954                TIM8_BRK_TIM12_IRQHandler
                0x0000000008000954                TIM1_TRG_COM_IRQHandler
                0x0000000008000954                Default_Handler
                0x0000000008000954                ECC_IRQHandler
                0x0000000008000954                CEC_IRQHandler
                0x0000000008000954                EXTI15_10_IRQHandler
                0x0000000008000954                BDMA_Channel0_IRQHandler
                0x0000000008000954                ADC_IRQHandler
                0x0000000008000954                DMA1_Stream7_IRQHandler
                0x0000000008000954                HRTIM1_TIMA_IRQHandler
                0x0000000008000954                TIM7_IRQHandler
                0x0000000008000954                SDMMC1_IRQHandler
                0x0000000008000954                DMA2_Stream7_IRQHandler
                0x0000000008000954                TIM15_IRQHandler
                0x0000000008000954                PVD_AVD_IRQHandler
                0x0000000008000954                EXTI9_5_IRQHandler
                0x0000000008000954                RTC_WKUP_IRQHandler
                0x0000000008000954                LTDC_IRQHandler
                0x0000000008000954                SAI3_IRQHandler
                0x0000000008000954                ETH_WKUP_IRQHandler
                0x0000000008000954                SPDIF_RX_IRQHandler
                0x0000000008000954                MemManage_Handler
                0x0000000008000954                SVC_Handler
                0x0000000008000954                CRS_IRQHandler
                0x0000000008000954                EXTI4_IRQHandler
                0x0000000008000954                HRTIM1_TIMB_IRQHandler
                0x0000000008000954                FDCAN2_IT1_IRQHandler
                0x0000000008000954                ETH_IRQHandler
                0x0000000008000954                TIM1_UP_IRQHandler
                0x0000000008000954                BDMA_Channel4_IRQHandler
                0x0000000008000954                WWDG_IRQHandler
                0x0000000008000954                SPI6_IRQHandler
                0x0000000008000954                I2C4_EV_IRQHandler
                0x0000000008000954                MDIOS_IRQHandler
                0x0000000008000954                FDCAN2_IT0_IRQHandler
                0x0000000008000954                FDCAN1_IT0_IRQHandler
                0x0000000008000954                OTG_FS_WKUP_IRQHandler
                0x0000000008000954                DMA2D_IRQHandler
                0x0000000008000954                TIM1_BRK_IRQHandler
                0x0000000008000954                EXTI1_IRQHandler
                0x0000000008000954                SDMMC2_IRQHandler
                0x0000000008000954                OTG_FS_EP1_OUT_IRQHandler
                0x0000000008000954                BDMA_Channel3_IRQHandler
                0x0000000008000954                MDIOS_WKUP_IRQHandler
                0x0000000008000954                DFSDM1_FLT0_IRQHandler
                0x0000000008000954                SAI4_IRQHandler
                0x0000000008000954                I2C2_ER_IRQHandler
                0x0000000008000954                DMA2_Stream1_IRQHandler
                0x0000000008000954                FLASH_IRQHandler
                0x0000000008000954                BusFault_Handler
                0x0000000008000954                OTG_FS_IRQHandler
                0x0000000008000954                WAKEUP_PIN_IRQHandler
                0x0000000008000954                OTG_FS_EP1_IN_IRQHandler
                0x0000000008000954                I2C1_ER_IRQHandler
                0x0000000008000954                FMC_IRQHandler
                0x0000000008000954                FDCAN_CAL_IRQHandler
                0x0000000008000954                SWPMI1_IRQHandler
                0x0000000008000954                COMP1_IRQHandler
                0x0000000008000954                LPTIM1_IRQHandler
                0x0000000008000954                I2C4_ER_IRQHandler
                0x0000000008000954                DMA2_Stream6_IRQHandler
                0x0000000008000954                SAI1_IRQHandler
 .text.Reset_Handler
                0x0000000008000958       0x44 build/startup_stm32h750xx.o
                0x0000000008000958                Reset_Handler
 .text._ZN5daisy9ParameterD2Ev
                0x000000000800099c        0x4 build/main.o
                0x000000000800099c                daisy::Parameter::~Parameter()
                0x000000000800099c                daisy::Parameter::~Parameter()
 .text._ZN5daisy3LedD2Ev
                0x00000000080009a0        0x4 build/main.o
                0x00000000080009a0                daisy::Led::~Led()
                0x00000000080009a0                daisy::Led::~Led()
 .text._ZN5daisy10DaisyPetalD2Ev
                0x00000000080009a4        0x4 build/main.o
                0x00000000080009a4                daisy::DaisyPetal::~DaisyPetal()
                0x00000000080009a4                daisy::DaisyPetal::~DaisyPetal()
 .text._ZN7daisysp10OscillatorD2Ev
                0x00000000080009a8        0x4 build/main.o
                0x00000000080009a8                daisysp::Oscillator::~Oscillator()
                0x00000000080009a8                daisysp::Oscillator::~Oscillator()
 .text._ZN7daisysp8ReverbScD2Ev
                0x00000000080009ac        0x4 build/main.o
                0x00000000080009ac                daisysp::ReverbSc::~ReverbSc()
                0x00000000080009ac                daisysp::ReverbSc::~ReverbSc()
 .text._Z8callbackPKfPfj
                0x00000000080009b0      0x198 build/main.o
                0x00000000080009b0                callback(float const*, float*, unsigned int)
 .text.startup.main
                0x0000000008000b48      0x1f8 build/main.o
                0x0000000008000b48                main
 .text.startup._GLOBAL__sub_I_hw
                0x0000000008000d40       0xd4 build/main.o
 .text._ZN5daisy16LedDriverPca9685ILi2ELb1EE14TxCpltCallbackEPvNS_9I2CHandle6ResultE
                0x0000000008000e14       0x5c ../libDaisy/build/libdaisy.a(daisy_petal.o)
                0x0000000008000e14                daisy::LedDriverPca9685<2, true>::TxCpltCallback(void*, daisy::I2CHandle::Result)
 .text._ZN5daisy10DaisyPetal10StartAudioEPFvPKfPfjE
                0x0000000008000e70        0x4 ../libDaisy/build/libdaisy.a(daisy_petal.o)
                0x0000000008000e70                daisy::DaisyPetal::StartAudio(void (*)(float const*, float*, unsigned int))
 .text._ZN5daisy10DaisyPetal17SetAudioBlockSizeEj
                0x0000000008000e74       0x4c ../libDaisy/build/libdaisy.a(daisy_petal.o)
                0x0000000008000e74                daisy::DaisyPetal::SetAudioBlockSize(unsigned int)
 .text._ZN5daisy10DaisyPetal15AudioSampleRateEv
                0x0000000008000ec0        0x4 ../libDaisy/build/libdaisy.a(daisy_petal.o)
                0x0000000008000ec0                daisy::DaisyPetal::AudioSampleRate()
 .text._ZN5daisy10DaisyPetal8StartAdcEv
                0x0000000008000ec4        0x8 ../libDaisy/build/libdaisy.a(daisy_petal.o)
                0x0000000008000ec4                daisy::DaisyPetal::StartAdc()
 .text._ZN5daisy10DaisyPetal21ProcessAnalogControlsEv
                0x0000000008000ecc       0x20 ../libDaisy/build/libdaisy.a(daisy_petal.o)
                0x0000000008000ecc                daisy::DaisyPetal::ProcessAnalogControls()
 .text._ZN5daisy10DaisyPetal22ProcessDigitalControlsEv
                0x0000000008000eec       0x20 ../libDaisy/build/libdaisy.a(daisy_petal.o)
                0x0000000008000eec                daisy::DaisyPetal::ProcessDigitalControls()
 .text._ZN5daisy10DaisyPetal9ClearLedsEv
                0x0000000008000f0c      0x1ac ../libDaisy/build/libdaisy.a(daisy_petal.o)
                0x0000000008000f0c                daisy::DaisyPetal::ClearLeds()
 .text._ZN5daisy10DaisyPetal8InitLedsEv
                0x00000000080010b8      0x2c0 ../libDaisy/build/libdaisy.a(daisy_petal.o)
                0x00000000080010b8                daisy::DaisyPetal::InitLeds()
 .text._ZN5daisy10DaisyPetal18InitAnalogControlsEv
                0x0000000008001378       0xf4 ../libDaisy/build/libdaisy.a(daisy_petal.o)
                0x0000000008001378                daisy::DaisyPetal::InitAnalogControls()
 .text._ZN5daisy10DaisyPetal4InitEb
                0x000000000800146c       0xdc ../libDaisy/build/libdaisy.a(daisy_petal.o)
                0x000000000800146c                daisy::DaisyPetal::Init(bool)
 .text.startup._GLOBAL__sub_I__ZN5daisy10DaisyPetal4InitEb
                0x0000000008001548       0x18 ../libDaisy/build/libdaisy.a(daisy_petal.o)
 .text._ZN5daisy9DaisySeed9ConfigureEv
                0x0000000008001560        0x4 ../libDaisy/build/libdaisy.a(daisy_seed.o)
                0x0000000008001560                daisy::DaisySeed::Configure()
 .text._ZN5daisy9DaisySeed6GetPinEh
                0x0000000008001564       0x2c ../libDaisy/build/libdaisy.a(daisy_seed.o)
                0x0000000008001564                daisy::DaisySeed::GetPin(unsigned char)
 .text._ZN5daisy9DaisySeed10StartAudioEPFvPKfPfjE
                0x0000000008001590        0x8 ../libDaisy/build/libdaisy.a(daisy_seed.o)
                0x0000000008001590                daisy::DaisySeed::StartAudio(void (*)(float const*, float*, unsigned int))
 .text._ZN5daisy9DaisySeed15AudioSampleRateEv
                0x0000000008001598        0x8 ../libDaisy/build/libdaisy.a(daisy_seed.o)
                0x0000000008001598                daisy::DaisySeed::AudioSampleRate()
 .text._ZN5daisy9DaisySeed17SetAudioBlockSizeEj
                0x00000000080015a0       0x38 ../libDaisy/build/libdaisy.a(daisy_seed.o)
                0x00000000080015a0                daisy::DaisySeed::SetAudioBlockSize(unsigned int)
 .text._ZNK5daisy9DaisySeed17AudioCallbackRateEv
                0x00000000080015d8        0x8 ../libDaisy/build/libdaisy.a(daisy_seed.o)
                0x00000000080015d8                daisy::DaisySeed::AudioCallbackRate() const
 .text._ZN5daisy9DaisySeed17CheckBoardVersionEv
                0x00000000080015e0       0x6c ../libDaisy/build/libdaisy.a(daisy_seed.o)
                0x00000000080015e0                daisy::DaisySeed::CheckBoardVersion()
 .text._ZN5daisy9DaisySeed14ConfigureAudioEv
                0x000000000800164c      0x10c ../libDaisy/build/libdaisy.a(daisy_seed.o)
                0x000000000800164c                daisy::DaisySeed::ConfigureAudio()
 .text._ZN5daisy9DaisySeed4InitEb
                0x0000000008001758       0xf0 ../libDaisy/build/libdaisy.a(daisy_seed.o)
                0x0000000008001758                daisy::DaisySeed::Init(bool)
 .text._ZN5daisy6Ak45564InitE12dsy_gpio_pin
                0x0000000008001848       0x44 ../libDaisy/build/libdaisy.a(codec_ak4556.o)
                0x0000000008001848                daisy::Ak4556::Init(dsy_gpio_pin)
 .text._ZN5daisy6Wm873120WriteControlRegisterEht
                0x000000000800188c       0x3c ../libDaisy/build/libdaisy.a(codec_wm8731.o)
                0x000000000800188c                daisy::Wm8731::WriteControlRegister(unsigned char, unsigned short)
 .text._ZN5daisy6Wm87314InitERKNS0_6ConfigENS_9I2CHandleE
                0x00000000080018c8      0x1bc ../libDaisy/build/libdaisy.a(codec_wm8731.o)
                0x00000000080018c8                daisy::Wm8731::Init(daisy::Wm8731::Config const&, daisy::I2CHandle)
 .text._ZN11SdramHandle10DeviceInitEv
                0x0000000008001a84       0x98 ../libDaisy/build/libdaisy.a(sdram.o)
                0x0000000008001a84                SdramHandle::DeviceInit()
 .text._ZN11SdramHandle4InitEv
                0x0000000008001b1c       0x7c ../libDaisy/build/libdaisy.a(sdram.o)
                0x0000000008001b1c                SdramHandle::Init()
 .text.HAL_SDRAM_MspInit
                0x0000000008001b98      0x1a8 ../libDaisy/build/libdaisy.a(sdram.o)
                0x0000000008001b98                HAL_SDRAM_MspInit
 .text._ZN5daisy11AudioHandle4Impl16InternalCallbackEPlS2_j
                0x0000000008001d40      0xbbc ../libDaisy/build/libdaisy.a(audio.o)
                0x0000000008001d40                daisy::AudioHandle::Impl::InternalCallback(long*, long*, unsigned int)
 .text._ZN5daisy11AudioHandle4InitERKNS0_6ConfigENS_9SaiHandleE
                0x00000000080028fc       0x70 ../libDaisy/build/libdaisy.a(audio.o)
                0x00000000080028fc                daisy::AudioHandle::Init(daisy::AudioHandle::Config const&, daisy::SaiHandle)
 .text._ZNK5daisy11AudioHandle9GetConfigEv
                0x000000000800296c        0x8 ../libDaisy/build/libdaisy.a(audio.o)
                0x000000000800296c                daisy::AudioHandle::GetConfig() const
 .text._ZN5daisy11AudioHandle12SetBlockSizeEj
                0x0000000008002974       0x1c ../libDaisy/build/libdaisy.a(audio.o)
                0x0000000008002974                daisy::AudioHandle::SetBlockSize(unsigned int)
 .text._ZN5daisy11AudioHandle13GetSampleRateEv
                0x0000000008002990        0x8 ../libDaisy/build/libdaisy.a(audio.o)
                0x0000000008002990                daisy::AudioHandle::GetSampleRate()
 .text._ZN5daisy11AudioHandle5StartEPFvPKfPfjE
                0x0000000008002998       0x2c ../libDaisy/build/libdaisy.a(audio.o)
                0x0000000008002998                daisy::AudioHandle::Start(void (*)(float const*, float*, unsigned int))
 .text.startup._GLOBAL__sub_I__ZN5daisy11AudioHandle4Impl4InitENS0_6ConfigENS_9SaiHandleE
                0x00000000080029c4       0x24 ../libDaisy/build/libdaisy.a(audio.o)
 .text._ZN5daisy13AnalogControl4InitEPtfbbf
                0x00000000080029e8       0x64 ../libDaisy/build/libdaisy.a(ctrl.o)
                0x00000000080029e8                daisy::AnalogControl::Init(unsigned short*, float, bool, bool, float)
 .text._ZN5daisy13AnalogControl7ProcessEv
                0x0000000008002a4c       0x48 ../libDaisy/build/libdaisy.a(ctrl.o)
                0x0000000008002a4c                daisy::AnalogControl::Process()
 .text._ZN5daisy13AnalogControl13SetSampleRateEf
                0x0000000008002a94       0x58 ../libDaisy/build/libdaisy.a(ctrl.o)
                0x0000000008002a94                daisy::AnalogControl::SetSampleRate(float)
 .text._ZN5daisy7Encoder4InitE12dsy_gpio_pinS1_S1_f
                0x0000000008002aec       0x60 ../libDaisy/build/libdaisy.a(encoder.o)
                0x0000000008002aec                daisy::Encoder::Init(dsy_gpio_pin, dsy_gpio_pin, dsy_gpio_pin, float)
 .text._ZN5daisy7Encoder8DebounceEv
                0x0000000008002b4c       0x7c ../libDaisy/build/libdaisy.a(encoder.o)
                0x0000000008002b4c                daisy::Encoder::Debounce()
 .text._ZN5daisy3Led4InitE12dsy_gpio_pinbf
                0x0000000008002bc8       0x48 ../libDaisy/build/libdaisy.a(led.o)
                0x0000000008002bc8                daisy::Led::Init(dsy_gpio_pin, bool, float)
 .text._ZN5daisy3Led3SetEf
                0x0000000008002c10       0x24 ../libDaisy/build/libdaisy.a(led.o)
                0x0000000008002c10                daisy::Led::Set(float)
 .text._ZN5daisy3Led6UpdateEv
                0x0000000008002c34       0x48 ../libDaisy/build/libdaisy.a(led.o)
                0x0000000008002c34                daisy::Led::Update()
 .text._ZN5daisy9Parameter4InitENS_13AnalogControlEffNS0_5CurveE
                0x0000000008002c7c       0x60 ../libDaisy/build/libdaisy.a(parameter.o)
                0x0000000008002c7c                daisy::Parameter::Init(daisy::AnalogControl, float, float, daisy::Parameter::Curve)
 .text._ZN5daisy9Parameter7ProcessEv
                0x0000000008002cdc       0xac ../libDaisy/build/libdaisy.a(parameter.o)
                0x0000000008002cdc                daisy::Parameter::Process()
 .text._ZN5daisy6Switch4InitE12dsy_gpio_pinf
                0x0000000008002d88       0x34 ../libDaisy/build/libdaisy.a(switch.o)
                0x0000000008002d88                daisy::Switch::Init(dsy_gpio_pin, float)
 .text._ZN5daisy6Switch8DebounceEv
                0x0000000008002dbc       0x5c ../libDaisy/build/libdaisy.a(switch.o)
                0x0000000008002dbc                daisy::Switch::Debounce()
 .text._ZN5daisy16AdcChannelConfig10InitSingleE12dsy_gpio_pinNS0_15ConversionSpeedE
                0x0000000008002e18       0x28 ../libDaisy/build/libdaisy.a(adc.o)
                0x0000000008002e18                daisy::AdcChannelConfig::InitSingle(dsy_gpio_pin, daisy::AdcChannelConfig::ConversionSpeed)
 .text._ZN5daisy9AdcHandle4InitEPNS_16AdcChannelConfigEjNS0_12OverSamplingE
                0x0000000008002e40      0x41c ../libDaisy/build/libdaisy.a(adc.o)
                0x0000000008002e40                daisy::AdcHandle::Init(daisy::AdcChannelConfig*, unsigned int, daisy::AdcHandle::OverSampling)
 .text._ZN5daisy9AdcHandle5StartEv
                0x000000000800325c       0x2c ../libDaisy/build/libdaisy.a(adc.o)
                0x000000000800325c                daisy::AdcHandle::Start()
 .text._ZNK5daisy9AdcHandle6GetPtrEh
                0x0000000008003288       0x14 ../libDaisy/build/libdaisy.a(adc.o)
                0x0000000008003288                daisy::AdcHandle::GetPtr(unsigned char) const
 .text.HAL_ADC_MspInit
                0x000000000800329c       0x98 ../libDaisy/build/libdaisy.a(adc.o)
                0x000000000800329c                HAL_ADC_MspInit
 .text.DMA1_Stream2_IRQHandler
                0x0000000008003334        0xc ../libDaisy/build/libdaisy.a(adc.o)
                0x0000000008003334                DMA1_Stream2_IRQHandler
 .text.HAL_ADC_ConvCpltCallback
                0x0000000008003340      0x148 ../libDaisy/build/libdaisy.a(adc.o)
                0x0000000008003340                HAL_ADC_ConvCpltCallback
 .text.HAL_ADC_ErrorCallback
                0x0000000008003488        0x4 ../libDaisy/build/libdaisy.a(adc.o)
                0x0000000008003488                HAL_ADC_ErrorCallback
 .text._ZN5daisy4GPIO4InitENS_3PinENS0_4ModeENS0_4PullENS0_5SpeedE
                0x000000000800348c      0x1cc ../libDaisy/build/libdaisy.a(gpio.o)
                0x000000000800348c                daisy::GPIO::Init(daisy::Pin, daisy::GPIO::Mode, daisy::GPIO::Pull, daisy::GPIO::Speed)
 .text._ZN5daisy4GPIO4ReadEv
                0x0000000008003658       0x18 ../libDaisy/build/libdaisy.a(gpio.o)
                0x0000000008003658                daisy::GPIO::Read()
 .text._ZN5daisy4GPIO5WriteEb
                0x0000000008003670       0x14 ../libDaisy/build/libdaisy.a(gpio.o)
                0x0000000008003670                daisy::GPIO::Write(bool)
 .text.dsy_gpio_init
                0x0000000008003684      0x1b8 ../libDaisy/build/libdaisy.a(gpio.o)
                0x0000000008003684                dsy_gpio_init
 .text.dsy_gpio_read
                0x000000000800383c       0x1c ../libDaisy/build/libdaisy.a(gpio.o)
                0x000000000800383c                dsy_gpio_read
 .text.dsy_gpio_write
                0x0000000008003858       0x24 ../libDaisy/build/libdaisy.a(gpio.o)
                0x0000000008003858                dsy_gpio_write
 .text._ZN5daisy9I2CHandle4Impl20StartDmaTransmissionEtPhtPFvPvNS0_6ResultEES3_
                0x000000000800387c       0xe8 ../libDaisy/build/libdaisy.a(i2c.o)
                0x000000000800387c                daisy::I2CHandle::Impl::StartDmaTransmission(unsigned short, unsigned char*, unsigned short, void (*)(void*, daisy::I2CHandle::Result), void*)
 .text._ZN5daisy9I2CHandle4Impl17StartDmaReceptionEtPhtPFvPvNS0_6ResultEES3_
                0x0000000008003964       0xe4 ../libDaisy/build/libdaisy.a(i2c.o)
                0x0000000008003964                daisy::I2CHandle::Impl::StartDmaReception(unsigned short, unsigned char*, unsigned short, void (*)(void*, daisy::I2CHandle::Result), void*)
 .text._ZN5daisy9I2CHandle4Impl8InitPinsEv
                0x0000000008003a48       0x58 ../libDaisy/build/libdaisy.a(i2c.o)
                0x0000000008003a48                daisy::I2CHandle::Impl::InitPins()
 .text.HAL_I2C_MspInit
                0x0000000008003aa0      0x1b4 ../libDaisy/build/libdaisy.a(i2c.o)
                0x0000000008003aa0                HAL_I2C_MspInit
 .text.dsy_i2c_global_init
                0x0000000008003c54       0x78 ../libDaisy/build/libdaisy.a(i2c.o)
                0x0000000008003c54                dsy_i2c_global_init
 .text.DMA1_Stream6_IRQHandler
                0x0000000008003ccc       0x34 ../libDaisy/build/libdaisy.a(i2c.o)
                0x0000000008003ccc                DMA1_Stream6_IRQHandler
 .text.I2C1_EV_IRQHandler
                0x0000000008003d00        0xc ../libDaisy/build/libdaisy.a(i2c.o)
                0x0000000008003d00                I2C1_EV_IRQHandler
 .text.I2C2_EV_IRQHandler
                0x0000000008003d0c        0xc ../libDaisy/build/libdaisy.a(i2c.o)
                0x0000000008003d0c                I2C2_EV_IRQHandler
 .text.I2C3_EV_IRQHandler
                0x0000000008003d18        0xc ../libDaisy/build/libdaisy.a(i2c.o)
                0x0000000008003d18                I2C3_EV_IRQHandler
 .text.HAL_I2C_MasterTxCpltCallback
                0x0000000008003d24       0x94 ../libDaisy/build/libdaisy.a(i2c.o)
                0x0000000008003d24                HAL_I2C_MasterTxCpltCallback
 .text.HAL_I2C_MasterRxCpltCallback
                0x0000000008003db8       0x94 ../libDaisy/build/libdaisy.a(i2c.o)
                0x0000000008003db8                HAL_I2C_MasterRxCpltCallback
 .text.HAL_I2C_SlaveTxCpltCallback
                0x0000000008003e4c       0x94 ../libDaisy/build/libdaisy.a(i2c.o)
                0x0000000008003e4c                HAL_I2C_SlaveTxCpltCallback
 .text.HAL_I2C_SlaveRxCpltCallback
                0x0000000008003ee0       0x94 ../libDaisy/build/libdaisy.a(i2c.o)
                0x0000000008003ee0                HAL_I2C_SlaveRxCpltCallback
 .text.HAL_I2C_ErrorCallback
                0x0000000008003f74       0x9c ../libDaisy/build/libdaisy.a(i2c.o)
                0x0000000008003f74                HAL_I2C_ErrorCallback
 .text._ZN5daisy9I2CHandle4InitERKNS0_6ConfigE
                0x0000000008004010      0x12c ../libDaisy/build/libdaisy.a(i2c.o)
                0x0000000008004010                daisy::I2CHandle::Init(daisy::I2CHandle::Config const&)
 .text._ZNK5daisy9I2CHandle9GetConfigEv
                0x000000000800413c        0x4 ../libDaisy/build/libdaisy.a(i2c.o)
                0x000000000800413c                daisy::I2CHandle::GetConfig() const
 .text._ZN5daisy9I2CHandle16TransmitBlockingEtPhtm
                0x0000000008004140       0x50 ../libDaisy/build/libdaisy.a(i2c.o)
                0x0000000008004140                daisy::I2CHandle::TransmitBlocking(unsigned short, unsigned char*, unsigned short, unsigned long)
 .text._ZN5daisy9I2CHandle11TransmitDmaEtPhtPFvPvNS0_6ResultEES2_
                0x0000000008004190       0x64 ../libDaisy/build/libdaisy.a(i2c.o)
                0x0000000008004190                daisy::I2CHandle::TransmitDma(unsigned short, unsigned char*, unsigned short, void (*)(void*, daisy::I2CHandle::Result), void*)
 .text.startup._GLOBAL__sub_I__ZN5daisy9I2CHandle4Impl10GlobalInitEv
                0x00000000080041f4       0x18 ../libDaisy/build/libdaisy.a(i2c.o)
 .text._ZN5daisy10QSPIHandle4Impl11WriteEnableEv
                0x000000000800420c       0x8c ../libDaisy/build/libdaisy.a(qspi.o)
                0x000000000800420c                daisy::QSPIHandle::Impl::WriteEnable()
 .text._ZN5daisy10QSPIHandle4Impl17DummyCyclesConfigENS0_6Config6DeviceE
                0x0000000008004298      0x118 ../libDaisy/build/libdaisy.a(qspi.o)
                0x0000000008004298                daisy::QSPIHandle::Impl::DummyCyclesConfig(daisy::QSPIHandle::Config::Device)
 .text._ZN5daisy10QSPIHandle4Impl10QuadEnableEv
                0x00000000080043b0      0x158 ../libDaisy/build/libdaisy.a(qspi.o)
                0x00000000080043b0                daisy::QSPIHandle::Impl::QuadEnable()
 .text._ZN5daisy10QSPIHandle4InitERKNS0_6ConfigE
                0x0000000008004508      0x198 ../libDaisy/build/libdaisy.a(qspi.o)
                0x0000000008004508                daisy::QSPIHandle::Init(daisy::QSPIHandle::Config const&)
 .text.HAL_QSPI_MspInit
                0x00000000080046a0      0x11c ../libDaisy/build/libdaisy.a(qspi.o)
                0x00000000080046a0                HAL_QSPI_MspInit
 .text.HAL_QSPI_MspDeInit
                0x00000000080047bc       0x54 ../libDaisy/build/libdaisy.a(qspi.o)
                0x00000000080047bc                HAL_QSPI_MspDeInit
 .text.QUADSPI_IRQHandler
                0x0000000008004810        0xc ../libDaisy/build/libdaisy.a(qspi.o)
                0x0000000008004810                QUADSPI_IRQHandler
 .text.startup._GLOBAL__sub_I__ZN5daisy10QSPIHandle4Impl4InitERKNS0_6ConfigE
                0x000000000800481c       0x28 ../libDaisy/build/libdaisy.a(qspi.o)
 .text._ZN5daisy9SaiHandle4Impl7InitDmaENS1_15PeripheralBlockE
                0x0000000008004844       0xa0 ../libDaisy/build/libdaisy.a(sai.o)
                0x0000000008004844                daisy::SaiHandle::Impl::InitDma(daisy::SaiHandle::Impl::PeripheralBlock)
 .text._ZN5daisy9SaiHandle4Impl8InitPinsEv
                0x00000000080048e4       0xa8 ../libDaisy/build/libdaisy.a(sai.o)
                0x00000000080048e4                daisy::SaiHandle::Impl::InitPins()
 .text.HAL_SAI_MspInit
                0x000000000800498c      0x164 ../libDaisy/build/libdaisy.a(sai.o)
                0x000000000800498c                HAL_SAI_MspInit
 .text.DMA1_Stream0_IRQHandler
                0x0000000008004af0        0xc ../libDaisy/build/libdaisy.a(sai.o)
                0x0000000008004af0                DMA1_Stream0_IRQHandler
 .text.DMA1_Stream1_IRQHandler
                0x0000000008004afc        0xc ../libDaisy/build/libdaisy.a(sai.o)
                0x0000000008004afc                DMA1_Stream1_IRQHandler
 .text.DMA1_Stream3_IRQHandler
                0x0000000008004b08        0xc ../libDaisy/build/libdaisy.a(sai.o)
                0x0000000008004b08                DMA1_Stream3_IRQHandler
 .text.DMA1_Stream4_IRQHandler
                0x0000000008004b14        0xc ../libDaisy/build/libdaisy.a(sai.o)
                0x0000000008004b14                DMA1_Stream4_IRQHandler
 .text.HAL_SAI_RxHalfCpltCallback
                0x0000000008004b20       0x78 ../libDaisy/build/libdaisy.a(sai.o)
                0x0000000008004b20                HAL_SAI_RxHalfCpltCallback
 .text.HAL_SAI_RxCpltCallback
                0x0000000008004b98       0x70 ../libDaisy/build/libdaisy.a(sai.o)
                0x0000000008004b98                HAL_SAI_RxCpltCallback
 .text._ZN5daisy9SaiHandle4InitERKNS0_6ConfigE
                0x0000000008004c08      0x1f0 ../libDaisy/build/libdaisy.a(sai.o)
                0x0000000008004c08                daisy::SaiHandle::Init(daisy::SaiHandle::Config const&)
 .text._ZNK5daisy9SaiHandle9GetConfigEv
                0x0000000008004df8        0x4 ../libDaisy/build/libdaisy.a(sai.o)
                0x0000000008004df8                daisy::SaiHandle::GetConfig() const
 .text._ZN5daisy9SaiHandle8StartDmaEPlS1_jPFvS1_S1_jE
                0x0000000008004dfc       0xbc ../libDaisy/build/libdaisy.a(sai.o)
                0x0000000008004dfc                daisy::SaiHandle::StartDma(long*, long*, unsigned int, void (*)(long*, long*, unsigned int))
 .text._ZN5daisy9SaiHandle13GetSampleRateEv
                0x0000000008004eb8       0x24 ../libDaisy/build/libdaisy.a(sai.o)
                0x0000000008004eb8                daisy::SaiHandle::GetSampleRate()
 .text._ZNK5daisy9SaiHandle9GetOffsetEv
                0x0000000008004edc        0x8 ../libDaisy/build/libdaisy.a(sai.o)
                0x0000000008004edc                daisy::SaiHandle::GetOffset() const
 .text._ZN5daisy11TimerHandleD2Ev
                0x0000000008004ee4        0x4 ../libDaisy/build/libdaisy.a(system.o)
                0x0000000008004ee4                daisy::TimerHandle::~TimerHandle()
                0x0000000008004ee4                daisy::TimerHandle::~TimerHandle()
 .text.SysTick_Handler
                0x0000000008004ee8       0x10 ../libDaisy/build/libdaisy.a(system.o)
                0x0000000008004ee8                SysTick_Handler
 .text.OTG_HS_EP1_OUT_IRQHandler
                0x0000000008004ef8       0x24 ../libDaisy/build/libdaisy.a(system.o)
                0x0000000008004ef8                OTG_HS_EP1_OUT_IRQHandler
 .text.OTG_HS_EP1_IN_IRQHandler
                0x0000000008004f1c       0x24 ../libDaisy/build/libdaisy.a(system.o)
                0x0000000008004f1c                OTG_HS_EP1_IN_IRQHandler
 .text.OTG_HS_IRQHandler
                0x0000000008004f40       0x24 ../libDaisy/build/libdaisy.a(system.o)
                0x0000000008004f40                OTG_HS_IRQHandler
 .text.HardFault_Handler
                0x0000000008004f64       0xe0 ../libDaisy/build/libdaisy.a(system.o)
                0x0000000008004f64                HardFault_Handler
 .text._ZN5daisy6System6GetNowEv
                0x0000000008005044        0x4 ../libDaisy/build/libdaisy.a(system.o)
                0x0000000008005044                daisy::System::GetNow()
 .text._ZN5daisy6System5DelayEm
                0x0000000008005048        0x4 ../libDaisy/build/libdaisy.a(system.o)
                0x0000000008005048                daisy::System::Delay(unsigned long)
 .text._ZN5daisy6System15ConfigureClocksEv
                0x000000000800504c      0x194 ../libDaisy/build/libdaisy.a(system.o)
                0x000000000800504c                daisy::System::ConfigureClocks()
 .text._ZN5daisy6System4InitERKNS0_6ConfigE
                0x00000000080051e0      0x140 ../libDaisy/build/libdaisy.a(system.o)
                0x00000000080051e0                daisy::System::Init(daisy::System::Config const&)
 .text._ZN5daisy6System12GetPClk1FreqEv
                0x0000000008005320        0x4 ../libDaisy/build/libdaisy.a(system.o)
                0x0000000008005320                daisy::System::GetPClk1Freq()
 .text._ZN5daisy6System22GetProgramMemoryRegionEv
                0x0000000008005324       0x78 ../libDaisy/build/libdaisy.a(system.o)
                0x0000000008005324                daisy::System::GetProgramMemoryRegion()
 .text.startup._GLOBAL__sub_I_SysTick_Handler
                0x000000000800539c       0x1c ../libDaisy/build/libdaisy.a(system.o)
 .text.SystemInit
                0x00000000080053b8       0x9c ../libDaisy/build/libdaisy.a(system_stm32h7xx.o)
                0x00000000080053b8                SystemInit
 .text.HAL_PCD_SetupStageCallback
                0x0000000008005454        0xc ../libDaisy/build/libdaisy.a(usbd_conf.o)
                0x0000000008005454                HAL_PCD_SetupStageCallback
 .text.HAL_PCD_DataOutStageCallback
                0x0000000008005460       0x14 ../libDaisy/build/libdaisy.a(usbd_conf.o)
                0x0000000008005460                HAL_PCD_DataOutStageCallback
 .text.HAL_PCD_DataInStageCallback
                0x0000000008005474       0x14 ../libDaisy/build/libdaisy.a(usbd_conf.o)
                0x0000000008005474                HAL_PCD_DataInStageCallback
 .text.HAL_PCD_SOFCallback
                0x0000000008005488        0x8 ../libDaisy/build/libdaisy.a(usbd_conf.o)
                0x0000000008005488                HAL_PCD_SOFCallback
 .text.HAL_PCD_ResetCallback
                0x0000000008005490       0x24 ../libDaisy/build/libdaisy.a(usbd_conf.o)
                0x0000000008005490                HAL_PCD_ResetCallback
 .text.HAL_PCD_SuspendCallback
                0x00000000080054b4       0x30 ../libDaisy/build/libdaisy.a(usbd_conf.o)
                0x00000000080054b4                HAL_PCD_SuspendCallback
 .text.HAL_PCD_ResumeCallback
                0x00000000080054e4        0x8 ../libDaisy/build/libdaisy.a(usbd_conf.o)
                0x00000000080054e4                HAL_PCD_ResumeCallback
 .text.HAL_PCD_ISOOUTIncompleteCallback
                0x00000000080054ec        0x8 ../libDaisy/build/libdaisy.a(usbd_conf.o)
                0x00000000080054ec                HAL_PCD_ISOOUTIncompleteCallback
 .text.HAL_PCD_ISOINIncompleteCallback
                0x00000000080054f4        0x8 ../libDaisy/build/libdaisy.a(usbd_conf.o)
                0x00000000080054f4                HAL_PCD_ISOINIncompleteCallback
 .text.HAL_PCD_ConnectCallback
                0x00000000080054fc        0x8 ../libDaisy/build/libdaisy.a(usbd_conf.o)
                0x00000000080054fc                HAL_PCD_ConnectCallback
 .text.HAL_PCD_DisconnectCallback
                0x0000000008005504        0x8 ../libDaisy/build/libdaisy.a(usbd_conf.o)
                0x0000000008005504                HAL_PCD_DisconnectCallback
 .text.USBD_LL_OpenEP
                0x000000000800550c       0x24 ../libDaisy/build/libdaisy.a(usbd_conf.o)
                0x000000000800550c                USBD_LL_OpenEP
 .text.USBD_LL_StallEP
                0x0000000008005530       0x1c ../libDaisy/build/libdaisy.a(usbd_conf.o)
                0x0000000008005530                USBD_LL_StallEP
 .text.USBD_LL_ClearStallEP
                0x000000000800554c       0x1c ../libDaisy/build/libdaisy.a(usbd_conf.o)
                0x000000000800554c                USBD_LL_ClearStallEP
 .text.USBD_LL_IsStallEP
                0x0000000008005568       0x28 ../libDaisy/build/libdaisy.a(usbd_conf.o)
                0x0000000008005568                USBD_LL_IsStallEP
 .text.USBD_LL_SetUSBAddress
                0x0000000008005590       0x1c ../libDaisy/build/libdaisy.a(usbd_conf.o)
                0x0000000008005590                USBD_LL_SetUSBAddress
 .text.USBD_LL_Transmit
                0x00000000080055ac       0x1c ../libDaisy/build/libdaisy.a(usbd_conf.o)
                0x00000000080055ac                USBD_LL_Transmit
 .text.USBD_LL_PrepareReceive
                0x00000000080055c8       0x1c ../libDaisy/build/libdaisy.a(usbd_conf.o)
                0x00000000080055c8                USBD_LL_PrepareReceive
 .text.HAL_HCD_SOF_Callback
                0x00000000080055e4        0x8 ../libDaisy/build/libdaisy.a(usbh_conf.o)
                0x00000000080055e4                HAL_HCD_SOF_Callback
 .text.HAL_HCD_Connect_Callback
                0x00000000080055ec        0x8 ../libDaisy/build/libdaisy.a(usbh_conf.o)
                0x00000000080055ec                HAL_HCD_Connect_Callback
 .text.HAL_HCD_Disconnect_Callback
                0x00000000080055f4        0x8 ../libDaisy/build/libdaisy.a(usbh_conf.o)
                0x00000000080055f4                HAL_HCD_Disconnect_Callback
 .text.HAL_HCD_HC_NotifyURBChange_Callback
                0x00000000080055fc        0x4 ../libDaisy/build/libdaisy.a(usbh_conf.o)
                0x00000000080055fc                HAL_HCD_HC_NotifyURBChange_Callback
 .text.HAL_HCD_PortEnabled_Callback
                0x0000000008005600        0x8 ../libDaisy/build/libdaisy.a(usbh_conf.o)
                0x0000000008005600                HAL_HCD_PortEnabled_Callback
 .text.HAL_HCD_PortDisabled_Callback
                0x0000000008005608        0x8 ../libDaisy/build/libdaisy.a(usbh_conf.o)
                0x0000000008005608                HAL_HCD_PortDisabled_Callback
 .text.USBH_LL_Stop
                0x0000000008005610       0x1c ../libDaisy/build/libdaisy.a(usbh_conf.o)
                0x0000000008005610                USBH_LL_Stop
 .text.dsy_hal_map_get_port
                0x000000000800562c       0x10 ../libDaisy/build/libdaisy.a(hal_map.o)
                0x000000000800562c                dsy_hal_map_get_port
 .text.dsy_hal_map_get_pin
                0x000000000800563c       0x10 ../libDaisy/build/libdaisy.a(hal_map.o)
                0x000000000800563c                dsy_hal_map_get_pin
 .text.dsy_hal_map_gpio_clk_enable
                0x000000000800564c      0x150 ../libDaisy/build/libdaisy.a(hal_map.o)
                0x000000000800564c                dsy_hal_map_gpio_clk_enable
 .text.HAL_MspInit
                0x000000000800579c        0x4 ../libDaisy/build/libdaisy.a(stm32h7xx_hal.o)
                0x000000000800579c                HAL_MspInit
 .text.HAL_InitTick
                0x00000000080057a0       0x4c ../libDaisy/build/libdaisy.a(stm32h7xx_hal.o)
                0x00000000080057a0                HAL_InitTick
 .text.HAL_Init
                0x00000000080057ec       0x60 ../libDaisy/build/libdaisy.a(stm32h7xx_hal.o)
                0x00000000080057ec                HAL_Init
 .text.HAL_IncTick
                0x000000000800584c       0x18 ../libDaisy/build/libdaisy.a(stm32h7xx_hal.o)
                0x000000000800584c                HAL_IncTick
 .text.HAL_GetTick
                0x0000000008005864        0xc ../libDaisy/build/libdaisy.a(stm32h7xx_hal.o)
                0x0000000008005864                HAL_GetTick
 .text.HAL_Delay
                0x0000000008005870       0x24 ../libDaisy/build/libdaisy.a(stm32h7xx_hal.o)
                0x0000000008005870                HAL_Delay
 .text.HAL_GetREVID
                0x0000000008005894        0xc ../libDaisy/build/libdaisy.a(stm32h7xx_hal.o)
                0x0000000008005894                HAL_GetREVID
 .text.HAL_ADC_ConvHalfCpltCallback
                0x00000000080058a0        0x4 ../libDaisy/build/libdaisy.a(stm32h7xx_hal_adc.o)
                0x00000000080058a0                HAL_ADC_ConvHalfCpltCallback
 .text.ADC_DMAHalfConvCplt
                0x00000000080058a4        0xc ../libDaisy/build/libdaisy.a(stm32h7xx_hal_adc.o)
                0x00000000080058a4                ADC_DMAHalfConvCplt
 .text.ADC_DMAConvCplt
                0x00000000080058b0       0x6c ../libDaisy/build/libdaisy.a(stm32h7xx_hal_adc.o)
                0x00000000080058b0                ADC_DMAConvCplt
 .text.ADC_DMAError
                0x000000000800591c       0x1c ../libDaisy/build/libdaisy.a(stm32h7xx_hal_adc.o)
                0x000000000800591c                ADC_DMAError
 .text.HAL_ADC_ConfigChannel
                0x0000000008005938      0x3fc ../libDaisy/build/libdaisy.a(stm32h7xx_hal_adc.o)
                0x0000000008005938                HAL_ADC_ConfigChannel
 .text.ADC_Enable
                0x0000000008005d34       0xac ../libDaisy/build/libdaisy.a(stm32h7xx_hal_adc.o)
                0x0000000008005d34                ADC_Enable
 .text.HAL_ADC_Start_DMA
                0x0000000008005de0      0x114 ../libDaisy/build/libdaisy.a(stm32h7xx_hal_adc.o)
                0x0000000008005de0                HAL_ADC_Start_DMA
 .text.ADC_Disable
                0x0000000008005ef4       0x68 ../libDaisy/build/libdaisy.a(stm32h7xx_hal_adc.o)
                0x0000000008005ef4                ADC_Disable
 .text.ADC_ConfigureBoostMode
                0x0000000008005f5c      0x184 ../libDaisy/build/libdaisy.a(stm32h7xx_hal_adc.o)
                0x0000000008005f5c                ADC_ConfigureBoostMode
 .text.HAL_ADC_Init
                0x00000000080060e0      0x218 ../libDaisy/build/libdaisy.a(stm32h7xx_hal_adc.o)
                0x00000000080060e0                HAL_ADC_Init
 .text.HAL_ADCEx_Calibration_Start
                0x00000000080062f8       0xa4 ../libDaisy/build/libdaisy.a(stm32h7xx_hal_adc_ex.o)
                0x00000000080062f8                HAL_ADCEx_Calibration_Start
 .text.HAL_ADCEx_MultiModeConfigChannel
                0x000000000800639c       0xc4 ../libDaisy/build/libdaisy.a(stm32h7xx_hal_adc_ex.o)
                0x000000000800639c                HAL_ADCEx_MultiModeConfigChannel
 .text.HAL_NVIC_SetPriorityGrouping
                0x0000000008006460       0x24 ../libDaisy/build/libdaisy.a(stm32h7xx_hal_cortex.o)
                0x0000000008006460                HAL_NVIC_SetPriorityGrouping
 .text.HAL_NVIC_SetPriority
                0x0000000008006484       0x7c ../libDaisy/build/libdaisy.a(stm32h7xx_hal_cortex.o)
                0x0000000008006484                HAL_NVIC_SetPriority
 .text.HAL_NVIC_EnableIRQ
                0x0000000008006500       0x1c ../libDaisy/build/libdaisy.a(stm32h7xx_hal_cortex.o)
                0x0000000008006500                HAL_NVIC_EnableIRQ
 .text.HAL_NVIC_DisableIRQ
                0x000000000800651c       0x28 ../libDaisy/build/libdaisy.a(stm32h7xx_hal_cortex.o)
                0x000000000800651c                HAL_NVIC_DisableIRQ
 .text.HAL_SYSTICK_Config
                0x0000000008006544       0x2c ../libDaisy/build/libdaisy.a(stm32h7xx_hal_cortex.o)
                0x0000000008006544                HAL_SYSTICK_Config
 .text.HAL_MPU_Disable
                0x0000000008006570       0x1c ../libDaisy/build/libdaisy.a(stm32h7xx_hal_cortex.o)
                0x0000000008006570                HAL_MPU_Disable
 .text.HAL_MPU_Enable
                0x000000000800658c       0x20 ../libDaisy/build/libdaisy.a(stm32h7xx_hal_cortex.o)
                0x000000000800658c                HAL_MPU_Enable
 .text.HAL_MPU_ConfigRegion
                0x00000000080065ac       0x64 ../libDaisy/build/libdaisy.a(stm32h7xx_hal_cortex.o)
                0x00000000080065ac                HAL_MPU_ConfigRegion
 .text.HAL_SYSTICK_Callback
                0x0000000008006610        0x4 ../libDaisy/build/libdaisy.a(stm32h7xx_hal_cortex.o)
                0x0000000008006610                HAL_SYSTICK_Callback
 .text.HAL_SYSTICK_IRQHandler
                0x0000000008006614        0x8 ../libDaisy/build/libdaisy.a(stm32h7xx_hal_cortex.o)
                0x0000000008006614                HAL_SYSTICK_IRQHandler
 .text.DMA_CalcBaseAndBitshift
                0x000000000800661c       0xf4 ../libDaisy/build/libdaisy.a(stm32h7xx_hal_dma.o)
 .text.DMA_CalcDMAMUXChannelBaseAndMask
                0x0000000008006710       0xd8 ../libDaisy/build/libdaisy.a(stm32h7xx_hal_dma.o)
 .text.HAL_DMA_Init
                0x00000000080067e8      0x37c ../libDaisy/build/libdaisy.a(stm32h7xx_hal_dma.o)
                0x00000000080067e8                HAL_DMA_Init
 .text.HAL_DMA_Start_IT
                0x0000000008006b64      0x240 ../libDaisy/build/libdaisy.a(stm32h7xx_hal_dma.o)
                0x0000000008006b64                HAL_DMA_Start_IT
 .text.HAL_DMA_Abort_IT
                0x0000000008006da4      0x134 ../libDaisy/build/libdaisy.a(stm32h7xx_hal_dma.o)
                0x0000000008006da4                HAL_DMA_Abort_IT
 .text.HAL_DMA_IRQHandler
                0x0000000008006ed8      0x6a0 ../libDaisy/build/libdaisy.a(stm32h7xx_hal_dma.o)
                0x0000000008006ed8                HAL_DMA_IRQHandler
 .text.HAL_DMA_GetError
                0x0000000008007578        0x4 ../libDaisy/build/libdaisy.a(stm32h7xx_hal_dma.o)
                0x0000000008007578                HAL_DMA_GetError
 .text.HAL_GPIO_Init
                0x000000000800757c      0x280 ../libDaisy/build/libdaisy.a(stm32h7xx_hal_gpio.o)
                0x000000000800757c                HAL_GPIO_Init
 .text.HAL_GPIO_DeInit
                0x00000000080077fc      0x190 ../libDaisy/build/libdaisy.a(stm32h7xx_hal_gpio.o)
                0x00000000080077fc                HAL_GPIO_DeInit
 .text.HAL_GPIO_ReadPin
                0x000000000800798c        0xc ../libDaisy/build/libdaisy.a(stm32h7xx_hal_gpio.o)
                0x000000000800798c                HAL_GPIO_ReadPin
 .text.HAL_GPIO_WritePin
                0x0000000008007998        0x8 ../libDaisy/build/libdaisy.a(stm32h7xx_hal_gpio.o)
                0x0000000008007998                HAL_GPIO_WritePin
 .text.HAL_HCD_IRQHandler
                0x00000000080079a0      0x780 ../libDaisy/build/libdaisy.a(stm32h7xx_hal_hcd.o)
                0x00000000080079a0                HAL_HCD_IRQHandler
 .text.HAL_HCD_Stop
                0x0000000008008120       0x28 ../libDaisy/build/libdaisy.a(stm32h7xx_hal_hcd.o)
                0x0000000008008120                HAL_HCD_Stop
 .text.I2C_WaitOnTXISFlagUntilTimeout
                0x0000000008008148       0xb8 ../libDaisy/build/libdaisy.a(stm32h7xx_hal_i2c.o)
 .text.I2C_WaitOnSTOPFlagUntilTimeout
                0x0000000008008200       0xac ../libDaisy/build/libdaisy.a(stm32h7xx_hal_i2c.o)
 .text.HAL_I2C_Init
                0x00000000080082ac       0xac ../libDaisy/build/libdaisy.a(stm32h7xx_hal_i2c.o)
                0x00000000080082ac                HAL_I2C_Init
 .text.HAL_I2C_Master_Transmit
                0x0000000008008358      0x1a8 ../libDaisy/build/libdaisy.a(stm32h7xx_hal_i2c.o)
                0x0000000008008358                HAL_I2C_Master_Transmit
 .text.HAL_I2C_Slave_Transmit
                0x0000000008008500      0x1c8 ../libDaisy/build/libdaisy.a(stm32h7xx_hal_i2c.o)
                0x0000000008008500                HAL_I2C_Slave_Transmit
 .text.HAL_I2C_Master_Transmit_DMA
                0x00000000080086c8      0x174 ../libDaisy/build/libdaisy.a(stm32h7xx_hal_i2c.o)
                0x00000000080086c8                HAL_I2C_Master_Transmit_DMA
 .text.HAL_I2C_Master_Receive_DMA
                0x000000000800883c      0x170 ../libDaisy/build/libdaisy.a(stm32h7xx_hal_i2c.o)
                0x000000000800883c                HAL_I2C_Master_Receive_DMA
 .text.HAL_I2C_Slave_Transmit_DMA
                0x00000000080089ac       0xd8 ../libDaisy/build/libdaisy.a(stm32h7xx_hal_i2c.o)
                0x00000000080089ac                HAL_I2C_Slave_Transmit_DMA
 .text.HAL_I2C_Slave_Receive_DMA
                0x0000000008008a84       0xdc ../libDaisy/build/libdaisy.a(stm32h7xx_hal_i2c.o)
                0x0000000008008a84                HAL_I2C_Slave_Receive_DMA
 .text.HAL_I2C_EV_IRQHandler
                0x0000000008008b60       0x10 ../libDaisy/build/libdaisy.a(stm32h7xx_hal_i2c.o)
                0x0000000008008b60                HAL_I2C_EV_IRQHandler
 .text.I2C_DMASlaveTransmitCplt
                0x0000000008008b70       0x90 ../libDaisy/build/libdaisy.a(stm32h7xx_hal_i2c.o)
 .text.I2C_DMASlaveReceiveCplt
                0x0000000008008c00       0x94 ../libDaisy/build/libdaisy.a(stm32h7xx_hal_i2c.o)
 .text.HAL_I2C_AddrCallback
                0x0000000008008c94        0x4 ../libDaisy/build/libdaisy.a(stm32h7xx_hal_i2c.o)
                0x0000000008008c94                HAL_I2C_AddrCallback
 .text.I2C_ITAddrCplt.part.0
                0x0000000008008c98       0x64 ../libDaisy/build/libdaisy.a(stm32h7xx_hal_i2c.o)
 .text.HAL_I2C_ListenCpltCallback
                0x0000000008008cfc        0x4 ../libDaisy/build/libdaisy.a(stm32h7xx_hal_i2c.o)
                0x0000000008008cfc                HAL_I2C_ListenCpltCallback
 .text.HAL_I2C_MemTxCpltCallback
                0x0000000008008d00        0x4 ../libDaisy/build/libdaisy.a(stm32h7xx_hal_i2c.o)
                0x0000000008008d00                HAL_I2C_MemTxCpltCallback
 .text.HAL_I2C_MemRxCpltCallback
                0x0000000008008d04        0x4 ../libDaisy/build/libdaisy.a(stm32h7xx_hal_i2c.o)
                0x0000000008008d04                HAL_I2C_MemRxCpltCallback
 .text.HAL_I2C_AbortCpltCallback
                0x0000000008008d08        0x4 ../libDaisy/build/libdaisy.a(stm32h7xx_hal_i2c.o)
                0x0000000008008d08                HAL_I2C_AbortCpltCallback
 .text.I2C_ITError
                0x0000000008008d0c      0x114 ../libDaisy/build/libdaisy.a(stm32h7xx_hal_i2c.o)
 .text.I2C_ITSlaveCplt
                0x0000000008008e20      0x1d8 ../libDaisy/build/libdaisy.a(stm32h7xx_hal_i2c.o)
 .text.I2C_Slave_ISR_IT
                0x0000000008008ff8      0x324 ../libDaisy/build/libdaisy.a(stm32h7xx_hal_i2c.o)
 .text.I2C_ITMasterCplt
                0x000000000800931c       0xe8 ../libDaisy/build/libdaisy.a(stm32h7xx_hal_i2c.o)
 .text.I2C_Master_ISR_IT
                0x0000000008009404      0x1f4 ../libDaisy/build/libdaisy.a(stm32h7xx_hal_i2c.o)
 .text.I2C_Slave_ISR_DMA
                0x00000000080095f8      0x1e4 ../libDaisy/build/libdaisy.a(stm32h7xx_hal_i2c.o)
 .text.I2C_Master_ISR_DMA
                0x00000000080097dc      0x22c ../libDaisy/build/libdaisy.a(stm32h7xx_hal_i2c.o)
 .text.I2C_DMAError
                0x0000000008009a08       0x48 ../libDaisy/build/libdaisy.a(stm32h7xx_hal_i2c.o)
 .text.I2C_DMAMasterTransmitCplt
                0x0000000008009a50       0x90 ../libDaisy/build/libdaisy.a(stm32h7xx_hal_i2c.o)
 .text.I2C_DMAMasterReceiveCplt
                0x0000000008009ae0       0x8c ../libDaisy/build/libdaisy.a(stm32h7xx_hal_i2c.o)
 .text.I2C_DMAAbort
                0x0000000008009b6c       0x28 ../libDaisy/build/libdaisy.a(stm32h7xx_hal_i2c.o)
 .text.HAL_I2C_GetState
                0x0000000008009b94        0x8 ../libDaisy/build/libdaisy.a(stm32h7xx_hal_i2c.o)
                0x0000000008009b94                HAL_I2C_GetState
 .text.HAL_I2CEx_ConfigAnalogFilter
                0x0000000008009b9c       0x54 ../libDaisy/build/libdaisy.a(stm32h7xx_hal_i2c_ex.o)
                0x0000000008009b9c                HAL_I2CEx_ConfigAnalogFilter
 .text.HAL_I2CEx_ConfigDigitalFilter
                0x0000000008009bf0       0x58 ../libDaisy/build/libdaisy.a(stm32h7xx_hal_i2c_ex.o)
                0x0000000008009bf0                HAL_I2CEx_ConfigDigitalFilter
 .text.HAL_PCD_IRQHandler
                0x0000000008009c48      0x69c ../libDaisy/build/libdaisy.a(stm32h7xx_hal_pcd.o)
                0x0000000008009c48                HAL_PCD_IRQHandler
 .text.HAL_PCD_SetAddress
                0x000000000800a2e4       0x2c ../libDaisy/build/libdaisy.a(stm32h7xx_hal_pcd.o)
                0x000000000800a2e4                HAL_PCD_SetAddress
 .text.HAL_PCD_EP_Open
                0x000000000800a310       0x7c ../libDaisy/build/libdaisy.a(stm32h7xx_hal_pcd.o)
                0x000000000800a310                HAL_PCD_EP_Open
 .text.HAL_PCD_EP_Receive
                0x000000000800a38c       0x50 ../libDaisy/build/libdaisy.a(stm32h7xx_hal_pcd.o)
                0x000000000800a38c                HAL_PCD_EP_Receive
 .text.HAL_PCD_EP_Transmit
                0x000000000800a3dc       0x50 ../libDaisy/build/libdaisy.a(stm32h7xx_hal_pcd.o)
                0x000000000800a3dc                HAL_PCD_EP_Transmit
 .text.HAL_PCD_EP_SetStall
                0x000000000800a42c       0x88 ../libDaisy/build/libdaisy.a(stm32h7xx_hal_pcd.o)
                0x000000000800a42c                HAL_PCD_EP_SetStall
 .text.HAL_PCD_EP_ClrStall
                0x000000000800a4b4       0x78 ../libDaisy/build/libdaisy.a(stm32h7xx_hal_pcd.o)
                0x000000000800a4b4                HAL_PCD_EP_ClrStall
 .text.HAL_PCDEx_LPM_Callback
                0x000000000800a52c        0x4 ../libDaisy/build/libdaisy.a(stm32h7xx_hal_pcd_ex.o)
                0x000000000800a52c                HAL_PCDEx_LPM_Callback
 .text.HAL_PWREx_ConfigSupply
                0x000000000800a530       0x4c ../libDaisy/build/libdaisy.a(stm32h7xx_hal_pwr_ex.o)
                0x000000000800a530                HAL_PWREx_ConfigSupply
 .text.HAL_PWREx_EnableUSBVoltageDetector
                0x000000000800a57c       0x10 ../libDaisy/build/libdaisy.a(stm32h7xx_hal_pwr_ex.o)
                0x000000000800a57c                HAL_PWREx_EnableUSBVoltageDetector
 .text.QSPI_Config
                0x000000000800a58c      0x174 ../libDaisy/build/libdaisy.a(stm32h7xx_hal_qspi.o)
 .text.HAL_QSPI_Init
                0x000000000800a700       0xd8 ../libDaisy/build/libdaisy.a(stm32h7xx_hal_qspi.o)
                0x000000000800a700                HAL_QSPI_Init
 .text.HAL_QSPI_DeInit
                0x000000000800a7d8       0x3c ../libDaisy/build/libdaisy.a(stm32h7xx_hal_qspi.o)
                0x000000000800a7d8                HAL_QSPI_DeInit
 .text.HAL_QSPI_Command
                0x000000000800a814       0xd4 ../libDaisy/build/libdaisy.a(stm32h7xx_hal_qspi.o)
                0x000000000800a814                HAL_QSPI_Command
 .text.HAL_QSPI_Transmit
                0x000000000800a8e8       0xfc ../libDaisy/build/libdaisy.a(stm32h7xx_hal_qspi.o)
                0x000000000800a8e8                HAL_QSPI_Transmit
 .text.HAL_QSPI_Receive
                0x000000000800a9e4      0x108 ../libDaisy/build/libdaisy.a(stm32h7xx_hal_qspi.o)
                0x000000000800a9e4                HAL_QSPI_Receive
 .text.HAL_QSPI_AutoPolling
                0x000000000800aaec       0xf0 ../libDaisy/build/libdaisy.a(stm32h7xx_hal_qspi.o)
                0x000000000800aaec                HAL_QSPI_AutoPolling
 .text.HAL_QSPI_MemoryMapped
                0x000000000800abdc       0xc0 ../libDaisy/build/libdaisy.a(stm32h7xx_hal_qspi.o)
                0x000000000800abdc                HAL_QSPI_MemoryMapped
 .text.HAL_QSPI_ErrorCallback
                0x000000000800ac9c        0x4 ../libDaisy/build/libdaisy.a(stm32h7xx_hal_qspi.o)
                0x000000000800ac9c                HAL_QSPI_ErrorCallback
 .text.QSPI_DMAAbortCplt
                0x000000000800aca0       0x38 ../libDaisy/build/libdaisy.a(stm32h7xx_hal_qspi.o)
 .text.HAL_QSPI_AbortCpltCallback
                0x000000000800acd8        0x4 ../libDaisy/build/libdaisy.a(stm32h7xx_hal_qspi.o)
                0x000000000800acd8                HAL_QSPI_AbortCpltCallback
 .text.HAL_QSPI_CmdCpltCallback
                0x000000000800acdc        0x4 ../libDaisy/build/libdaisy.a(stm32h7xx_hal_qspi.o)
                0x000000000800acdc                HAL_QSPI_CmdCpltCallback
 .text.HAL_QSPI_RxCpltCallback
                0x000000000800ace0        0x4 ../libDaisy/build/libdaisy.a(stm32h7xx_hal_qspi.o)
                0x000000000800ace0                HAL_QSPI_RxCpltCallback
 .text.HAL_QSPI_TxCpltCallback
                0x000000000800ace4        0x4 ../libDaisy/build/libdaisy.a(stm32h7xx_hal_qspi.o)
                0x000000000800ace4                HAL_QSPI_TxCpltCallback
 .text.HAL_QSPI_FifoThresholdCallback
                0x000000000800ace8        0x4 ../libDaisy/build/libdaisy.a(stm32h7xx_hal_qspi.o)
                0x000000000800ace8                HAL_QSPI_FifoThresholdCallback
 .text.HAL_QSPI_StatusMatchCallback
                0x000000000800acec        0x4 ../libDaisy/build/libdaisy.a(stm32h7xx_hal_qspi.o)
                0x000000000800acec                HAL_QSPI_StatusMatchCallback
 .text.HAL_QSPI_TimeOutCallback
                0x000000000800acf0        0x4 ../libDaisy/build/libdaisy.a(stm32h7xx_hal_qspi.o)
                0x000000000800acf0                HAL_QSPI_TimeOutCallback
 .text.HAL_QSPI_IRQHandler
                0x000000000800acf4      0x210 ../libDaisy/build/libdaisy.a(stm32h7xx_hal_qspi.o)
                0x000000000800acf4                HAL_QSPI_IRQHandler
 .text.HAL_RCC_OscConfig
                0x000000000800af04      0x51c ../libDaisy/build/libdaisy.a(stm32h7xx_hal_rcc.o)
                0x000000000800af04                HAL_RCC_OscConfig
 .text.HAL_RCC_GetSysClockFreq
                0x000000000800b420      0x140 ../libDaisy/build/libdaisy.a(stm32h7xx_hal_rcc.o)
                0x000000000800b420                HAL_RCC_GetSysClockFreq
 .text.HAL_RCC_ClockConfig
                0x000000000800b560      0x234 ../libDaisy/build/libdaisy.a(stm32h7xx_hal_rcc.o)
                0x000000000800b560                HAL_RCC_ClockConfig
 .text.HAL_RCC_GetHCLKFreq
                0x000000000800b794       0x2c ../libDaisy/build/libdaisy.a(stm32h7xx_hal_rcc.o)
                0x000000000800b794                HAL_RCC_GetHCLKFreq
 .text.HAL_RCC_GetPCLK1Freq
                0x000000000800b7c0       0x38 ../libDaisy/build/libdaisy.a(stm32h7xx_hal_rcc.o)
                0x000000000800b7c0                HAL_RCC_GetPCLK1Freq
 .text.HAL_RCC_GetPCLK2Freq
                0x000000000800b7f8       0x38 ../libDaisy/build/libdaisy.a(stm32h7xx_hal_rcc.o)
                0x000000000800b7f8                HAL_RCC_GetPCLK2Freq
 .text.RCCEx_PLL2_Config
                0x000000000800b830       0xf4 ../libDaisy/build/libdaisy.a(stm32h7xx_hal_rcc_ex.o)
 .text.RCCEx_PLL3_Config
                0x000000000800b924       0xf4 ../libDaisy/build/libdaisy.a(stm32h7xx_hal_rcc_ex.o)
 .text.HAL_RCCEx_PeriphCLKConfig
                0x000000000800ba18      0xa7c ../libDaisy/build/libdaisy.a(stm32h7xx_hal_rcc_ex.o)
                0x000000000800ba18                HAL_RCCEx_PeriphCLKConfig
 .text.HAL_RCCEx_GetD3PCLK1Freq
                0x000000000800c494       0x24 ../libDaisy/build/libdaisy.a(stm32h7xx_hal_rcc_ex.o)
                0x000000000800c494                HAL_RCCEx_GetD3PCLK1Freq
 .text.HAL_RCCEx_GetPLL2ClockFreq
                0x000000000800c4b8      0x17c ../libDaisy/build/libdaisy.a(stm32h7xx_hal_rcc_ex.o)
                0x000000000800c4b8                HAL_RCCEx_GetPLL2ClockFreq
 .text.HAL_RCCEx_GetPLL3ClockFreq
                0x000000000800c634      0x17c ../libDaisy/build/libdaisy.a(stm32h7xx_hal_rcc_ex.o)
                0x000000000800c634                HAL_RCCEx_GetPLL3ClockFreq
 .text.HAL_RCCEx_GetPLL1ClockFreq
                0x000000000800c7b0      0x17c ../libDaisy/build/libdaisy.a(stm32h7xx_hal_rcc_ex.o)
                0x000000000800c7b0                HAL_RCCEx_GetPLL1ClockFreq
 .text.HAL_RCCEx_GetPeriphCLKFreq
                0x000000000800c92c      0x198 ../libDaisy/build/libdaisy.a(stm32h7xx_hal_rcc_ex.o)
                0x000000000800c92c                HAL_RCCEx_GetPeriphCLKFreq
 .text.HAL_RCCEx_GetD1SysClockFreq
                0x000000000800cac4       0x2c ../libDaisy/build/libdaisy.a(stm32h7xx_hal_rcc_ex.o)
                0x000000000800cac4                HAL_RCCEx_GetD1SysClockFreq
 .text.HAL_SAI_Init.part.0
                0x000000000800caf0      0x348 ../libDaisy/build/libdaisy.a(stm32h7xx_hal_sai.o)
 .text.HAL_SAI_InitProtocol
                0x000000000800ce38      0x178 ../libDaisy/build/libdaisy.a(stm32h7xx_hal_sai.o)
                0x000000000800ce38                HAL_SAI_InitProtocol
 .text.HAL_SAI_Transmit_DMA
                0x000000000800cfb0      0x124 ../libDaisy/build/libdaisy.a(stm32h7xx_hal_sai.o)
                0x000000000800cfb0                HAL_SAI_Transmit_DMA
 .text.HAL_SAI_Receive_DMA
                0x000000000800d0d4       0xd0 ../libDaisy/build/libdaisy.a(stm32h7xx_hal_sai.o)
                0x000000000800d0d4                HAL_SAI_Receive_DMA
 .text.HAL_SAI_TxCpltCallback
                0x000000000800d1a4        0x4 ../libDaisy/build/libdaisy.a(stm32h7xx_hal_sai.o)
                0x000000000800d1a4                HAL_SAI_TxCpltCallback
 .text.SAI_DMATxCplt
                0x000000000800d1a8       0x64 ../libDaisy/build/libdaisy.a(stm32h7xx_hal_sai.o)
 .text.HAL_SAI_TxHalfCpltCallback
                0x000000000800d20c        0x4 ../libDaisy/build/libdaisy.a(stm32h7xx_hal_sai.o)
                0x000000000800d20c                HAL_SAI_TxHalfCpltCallback
 .text.SAI_DMATxHalfCplt
                0x000000000800d210        0xc ../libDaisy/build/libdaisy.a(stm32h7xx_hal_sai.o)
 .text.SAI_DMARxCplt
                0x000000000800d21c       0x64 ../libDaisy/build/libdaisy.a(stm32h7xx_hal_sai.o)
 .text.SAI_DMARxHalfCplt
                0x000000000800d280        0xc ../libDaisy/build/libdaisy.a(stm32h7xx_hal_sai.o)
 .text.HAL_SAI_ErrorCallback
                0x000000000800d28c        0x4 ../libDaisy/build/libdaisy.a(stm32h7xx_hal_sai.o)
                0x000000000800d28c                HAL_SAI_ErrorCallback
 .text.SAI_DMAError
                0x000000000800d290       0x6c ../libDaisy/build/libdaisy.a(stm32h7xx_hal_sai.o)
 .text.HAL_SDRAM_Init
                0x000000000800d2fc       0x54 ../libDaisy/build/libdaisy.a(stm32h7xx_hal_sdram.o)
                0x000000000800d2fc                HAL_SDRAM_Init
 .text.HAL_SDRAM_SendCommand
                0x000000000800d350       0x40 ../libDaisy/build/libdaisy.a(stm32h7xx_hal_sdram.o)
                0x000000000800d350                HAL_SDRAM_SendCommand
 .text.HAL_SDRAM_ProgramRefreshRate
                0x000000000800d390       0x30 ../libDaisy/build/libdaisy.a(stm32h7xx_hal_sdram.o)
                0x000000000800d390                HAL_SDRAM_ProgramRefreshRate
 .text.FMC_SDRAM_Init
                0x000000000800d3c0       0x7c ../libDaisy/build/libdaisy.a(stm32h7xx_ll_fmc.o)
                0x000000000800d3c0                FMC_SDRAM_Init
 .text.FMC_SDRAM_Timing_Init
                0x000000000800d43c       0x98 ../libDaisy/build/libdaisy.a(stm32h7xx_ll_fmc.o)
                0x000000000800d43c                FMC_SDRAM_Timing_Init
 .text.FMC_SDRAM_SendCommand
                0x000000000800d4d4       0x28 ../libDaisy/build/libdaisy.a(stm32h7xx_ll_fmc.o)
                0x000000000800d4d4                FMC_SDRAM_SendCommand
 .text.FMC_SDRAM_ProgramRefreshRate
                0x000000000800d4fc       0x1c ../libDaisy/build/libdaisy.a(stm32h7xx_ll_fmc.o)
                0x000000000800d4fc                FMC_SDRAM_ProgramRefreshRate
 .text.USB_SetTurnaroundTime
                0x000000000800d518      0x104 ../libDaisy/build/libdaisy.a(stm32h7xx_ll_usb.o)
                0x000000000800d518                USB_SetTurnaroundTime
 .text.USB_FlushTxFifo
                0x000000000800d61c       0x34 ../libDaisy/build/libdaisy.a(stm32h7xx_ll_usb.o)
                0x000000000800d61c                USB_FlushTxFifo
 .text.USB_GetDevSpeed
                0x000000000800d650       0x24 ../libDaisy/build/libdaisy.a(stm32h7xx_ll_usb.o)
                0x000000000800d650                USB_GetDevSpeed
 .text.USB_ActivateEndpoint
                0x000000000800d674       0x90 ../libDaisy/build/libdaisy.a(stm32h7xx_ll_usb.o)
                0x000000000800d674                USB_ActivateEndpoint
 .text.USB_EPStartXfer
                0x000000000800d704      0x230 ../libDaisy/build/libdaisy.a(stm32h7xx_ll_usb.o)
                0x000000000800d704                USB_EPStartXfer
 .text.USB_EP0StartXfer
                0x000000000800d934      0x174 ../libDaisy/build/libdaisy.a(stm32h7xx_ll_usb.o)
                0x000000000800d934                USB_EP0StartXfer
 .text.USB_WritePacket
                0x000000000800daa8       0x2c ../libDaisy/build/libdaisy.a(stm32h7xx_ll_usb.o)
                0x000000000800daa8                USB_WritePacket
 .text.USB_ReadPacket
                0x000000000800dad4       0x20 ../libDaisy/build/libdaisy.a(stm32h7xx_ll_usb.o)
                0x000000000800dad4                USB_ReadPacket
 .text.USB_EPSetStall
                0x000000000800daf4       0x68 ../libDaisy/build/libdaisy.a(stm32h7xx_ll_usb.o)
                0x000000000800daf4                USB_EPSetStall
 .text.USB_EPClearStall
                0x000000000800db5c       0x58 ../libDaisy/build/libdaisy.a(stm32h7xx_ll_usb.o)
                0x000000000800db5c                USB_EPClearStall
 .text.USB_SetDevAddress
                0x000000000800dbb4       0x24 ../libDaisy/build/libdaisy.a(stm32h7xx_ll_usb.o)
                0x000000000800dbb4                USB_SetDevAddress
 .text.USB_ReadInterrupts
                0x000000000800dbd8       0x14 ../libDaisy/build/libdaisy.a(stm32h7xx_ll_usb.o)
                0x000000000800dbd8                USB_ReadInterrupts
 .text.USB_ReadDevAllOutEpInterrupt
                0x000000000800dbec       0x1c ../libDaisy/build/libdaisy.a(stm32h7xx_ll_usb.o)
                0x000000000800dbec                USB_ReadDevAllOutEpInterrupt
 .text.USB_ReadDevAllInEpInterrupt
                0x000000000800dc08       0x1c ../libDaisy/build/libdaisy.a(stm32h7xx_ll_usb.o)
                0x000000000800dc08                USB_ReadDevAllInEpInterrupt
 .text.USB_ReadDevOutEPInterrupt
                0x000000000800dc24       0x1c ../libDaisy/build/libdaisy.a(stm32h7xx_ll_usb.o)
                0x000000000800dc24                USB_ReadDevOutEPInterrupt
 .text.USB_ReadDevInEPInterrupt
                0x000000000800dc40       0x38 ../libDaisy/build/libdaisy.a(stm32h7xx_ll_usb.o)
                0x000000000800dc40                USB_ReadDevInEPInterrupt
 .text.USB_GetMode
                0x000000000800dc78        0x8 ../libDaisy/build/libdaisy.a(stm32h7xx_ll_usb.o)
                0x000000000800dc78                USB_GetMode
 .text.USB_ActivateSetup
                0x000000000800dc80       0x38 ../libDaisy/build/libdaisy.a(stm32h7xx_ll_usb.o)
                0x000000000800dc80                USB_ActivateSetup
 .text.USB_EP0_OutStart
                0x000000000800dcb8       0x58 ../libDaisy/build/libdaisy.a(stm32h7xx_ll_usb.o)
                0x000000000800dcb8                USB_EP0_OutStart
 .text.USB_InitFSLSPClkSel
                0x000000000800dd10       0x44 ../libDaisy/build/libdaisy.a(stm32h7xx_ll_usb.o)
                0x000000000800dd10                USB_InitFSLSPClkSel
 .text.USB_HC_ReadInterrupt
                0x000000000800dd54        0x8 ../libDaisy/build/libdaisy.a(stm32h7xx_ll_usb.o)
                0x000000000800dd54                USB_HC_ReadInterrupt
 .text.USB_HC_Halt
                0x000000000800dd5c       0xc0 ../libDaisy/build/libdaisy.a(stm32h7xx_ll_usb.o)
                0x000000000800dd5c                USB_HC_Halt
 .text.USB_StopHost
                0x000000000800de1c      0x2ec ../libDaisy/build/libdaisy.a(stm32h7xx_ll_usb.o)
                0x000000000800de1c                USB_StopHost
 .text.USBD_SetClassConfig
                0x000000000800e108       0x14 ../libDaisy/build/libdaisy.a(usbd_core.o)
                0x000000000800e108                USBD_SetClassConfig
 .text.USBD_ClrClassConfig
                0x000000000800e11c       0x10 ../libDaisy/build/libdaisy.a(usbd_core.o)
                0x000000000800e11c                USBD_ClrClassConfig
 .text.USBD_LL_SetupStage
                0x000000000800e12c       0x5c ../libDaisy/build/libdaisy.a(usbd_core.o)
                0x000000000800e12c                USBD_LL_SetupStage
 .text.USBD_LL_DataOutStage
                0x000000000800e188       0x7c ../libDaisy/build/libdaisy.a(usbd_core.o)
                0x000000000800e188                USBD_LL_DataOutStage
 .text.USBD_LL_DataInStage
                0x000000000800e204       0xcc ../libDaisy/build/libdaisy.a(usbd_core.o)
                0x000000000800e204                USBD_LL_DataInStage
 .text.USBD_LL_Reset
                0x000000000800e2d0       0x50 ../libDaisy/build/libdaisy.a(usbd_core.o)
                0x000000000800e2d0                USBD_LL_Reset
 .text.USBD_LL_SetSpeed
                0x000000000800e320        0x8 ../libDaisy/build/libdaisy.a(usbd_core.o)
                0x000000000800e320                USBD_LL_SetSpeed
 .text.USBD_LL_Suspend
                0x000000000800e328       0x14 ../libDaisy/build/libdaisy.a(usbd_core.o)
                0x000000000800e328                USBD_LL_Suspend
 .text.USBD_LL_Resume
                0x000000000800e33c       0x10 ../libDaisy/build/libdaisy.a(usbd_core.o)
                0x000000000800e33c                USBD_LL_Resume
 .text.USBD_LL_SOF
                0x000000000800e34c       0x1c ../libDaisy/build/libdaisy.a(usbd_core.o)
                0x000000000800e34c                USBD_LL_SOF
 .text.USBD_LL_IsoINIncomplete
                0x000000000800e368        0x4 ../libDaisy/build/libdaisy.a(usbd_core.o)
                0x000000000800e368                USBD_LL_IsoINIncomplete
 .text.USBD_LL_IsoOUTIncomplete
                0x000000000800e36c        0x4 ../libDaisy/build/libdaisy.a(usbd_core.o)
                0x000000000800e36c                USBD_LL_IsoOUTIncomplete
 .text.USBD_LL_DevConnected
                0x000000000800e370        0x4 ../libDaisy/build/libdaisy.a(usbd_core.o)
                0x000000000800e370                USBD_LL_DevConnected
 .text.USBD_LL_DevDisconnected
                0x000000000800e374       0x18 ../libDaisy/build/libdaisy.a(usbd_core.o)
                0x000000000800e374                USBD_LL_DevDisconnected
 .text.USBD_StdDevReq
                0x000000000800e38c      0x304 ../libDaisy/build/libdaisy.a(usbd_ctlreq.o)
                0x000000000800e38c                USBD_StdDevReq
 .text.USBD_StdItfReq
                0x000000000800e690       0x68 ../libDaisy/build/libdaisy.a(usbd_ctlreq.o)
                0x000000000800e690                USBD_StdItfReq
 .text.USBD_StdEPReq
                0x000000000800e6f8      0x13c ../libDaisy/build/libdaisy.a(usbd_ctlreq.o)
                0x000000000800e6f8                USBD_StdEPReq
 .text.USBD_ParseSetupRequest
                0x000000000800e834       0x28 ../libDaisy/build/libdaisy.a(usbd_ctlreq.o)
                0x000000000800e834                USBD_ParseSetupRequest
 .text.USBD_CtlSendData
                0x000000000800e85c       0x1c ../libDaisy/build/libdaisy.a(usbd_ioreq.o)
                0x000000000800e85c                USBD_CtlSendData
 .text.USBD_CtlContinueSendData
                0x000000000800e878       0x14 ../libDaisy/build/libdaisy.a(usbd_ioreq.o)
                0x000000000800e878                USBD_CtlContinueSendData
 .text.USBD_CtlContinueRx
                0x000000000800e88c       0x14 ../libDaisy/build/libdaisy.a(usbd_ioreq.o)
                0x000000000800e88c                USBD_CtlContinueRx
 .text.USBD_CtlSendStatus
                0x000000000800e8a0       0x18 ../libDaisy/build/libdaisy.a(usbd_ioreq.o)
                0x000000000800e8a0                USBD_CtlSendStatus
 .text.USBD_CtlReceiveStatus
                0x000000000800e8b8       0x18 ../libDaisy/build/libdaisy.a(usbd_ioreq.o)
                0x000000000800e8b8                USBD_CtlReceiveStatus
 .text.USBH_LL_IncTimer
                0x000000000800e8d0       0x20 ../libDaisy/build/libdaisy.a(usbh_core.o)
                0x000000000800e8d0                USBH_LL_IncTimer
 .text.USBH_LL_PortEnabled
                0x000000000800e8f0        0x8 ../libDaisy/build/libdaisy.a(usbh_core.o)
                0x000000000800e8f0                USBH_LL_PortEnabled
 .text.USBH_LL_PortDisabled
                0x000000000800e8f8        0x8 ../libDaisy/build/libdaisy.a(usbh_core.o)
                0x000000000800e8f8                USBH_LL_PortDisabled
 .text.USBH_LL_Connect
                0x000000000800e900       0x18 ../libDaisy/build/libdaisy.a(usbh_core.o)
                0x000000000800e900                USBH_LL_Connect
 .text.USBH_LL_Disconnect
                0x000000000800e918       0x2c ../libDaisy/build/libdaisy.a(usbh_core.o)
                0x000000000800e918                USBH_LL_Disconnect
 .text.USBH_FreePipe
                0x000000000800e944       0x18 ../libDaisy/build/libdaisy.a(usbh_pipes.o)
                0x000000000800e944                USBH_FreePipe
 .text._ZN5daisy6Random4InitEv
                0x000000000800e95c       0x3c ../libDaisy/build/libdaisy.a(rng.o)
                0x000000000800e95c                daisy::Random::Init()
 .text._ZN5daisy9SpiHandle4Impl7InitDmaEv
                0x000000000800e998       0xec ../libDaisy/build/libdaisy.a(spi.o)
                0x000000000800e998                daisy::SpiHandle::Impl::InitDma()
 .text._ZN5daisy9SpiHandle4Impl10StartDmaTxEPhjPFvPvEPFvS3_NS0_6ResultEES3_
                0x000000000800ea84       0xc8 ../libDaisy/build/libdaisy.a(spi.o)
                0x000000000800ea84                daisy::SpiHandle::Impl::StartDmaTx(unsigned char*, unsigned int, void (*)(void*), void (*)(void*, daisy::SpiHandle::Result), void*)
 .text._ZN5daisy9SpiHandle4Impl10StartDmaRxEPhjPFvPvEPFvS3_NS0_6ResultEES3_
                0x000000000800eb4c       0xc8 ../libDaisy/build/libdaisy.a(spi.o)
                0x000000000800eb4c                daisy::SpiHandle::Impl::StartDmaRx(unsigned char*, unsigned int, void (*)(void*), void (*)(void*, daisy::SpiHandle::Result), void*)
 .text._ZN5daisy9SpiHandle4Impl12StartDmaRxTxEPhS2_jPFvPvEPFvS3_NS0_6ResultEES3_
                0x000000000800ec14       0xcc ../libDaisy/build/libdaisy.a(spi.o)
                0x000000000800ec14                daisy::SpiHandle::Impl::StartDmaRxTx(unsigned char*, unsigned char*, unsigned int, void (*)(void*), void (*)(void*, daisy::SpiHandle::Result), void*)
 .text._ZN5daisy9SpiHandle4Impl8InitPinsEv
                0x000000000800ece0      0x274 ../libDaisy/build/libdaisy.a(spi.o)
                0x000000000800ece0                daisy::SpiHandle::Impl::InitPins()
 .text.HAL_SPI_MspInit
                0x000000000800ef54      0x1a8 ../libDaisy/build/libdaisy.a(spi.o)
                0x000000000800ef54                HAL_SPI_MspInit
 .text.dsy_spi_global_init
                0x000000000800f0fc       0x80 ../libDaisy/build/libdaisy.a(spi.o)
                0x000000000800f0fc                dsy_spi_global_init
 .text.SPI1_IRQHandler
                0x000000000800f17c        0xc ../libDaisy/build/libdaisy.a(spi.o)
                0x000000000800f17c                SPI1_IRQHandler
 .text.SPI2_IRQHandler
                0x000000000800f188        0xc ../libDaisy/build/libdaisy.a(spi.o)
                0x000000000800f188                SPI2_IRQHandler
 .text.SPI3_IRQHandler
                0x000000000800f194        0xc ../libDaisy/build/libdaisy.a(spi.o)
                0x000000000800f194                SPI3_IRQHandler
 .text.SPI4_IRQHandler
                0x000000000800f1a0        0xc ../libDaisy/build/libdaisy.a(spi.o)
                0x000000000800f1a0                SPI4_IRQHandler
 .text.SPI5_IRQHandler
                0x000000000800f1ac        0xc ../libDaisy/build/libdaisy.a(spi.o)
                0x000000000800f1ac                SPI5_IRQHandler
 .text.DMA2_Stream2_IRQHandler
                0x000000000800f1b8       0x34 ../libDaisy/build/libdaisy.a(spi.o)
                0x000000000800f1b8                DMA2_Stream2_IRQHandler
 .text.DMA2_Stream3_IRQHandler
                0x000000000800f1ec       0x38 ../libDaisy/build/libdaisy.a(spi.o)
                0x000000000800f1ec                DMA2_Stream3_IRQHandler
 .text.HAL_SPI_TxCpltCallback
                0x000000000800f224       0xc4 ../libDaisy/build/libdaisy.a(spi.o)
                0x000000000800f224                HAL_SPI_TxCpltCallback
 .text.HAL_SPI_RxCpltCallback
                0x000000000800f2e8       0xc4 ../libDaisy/build/libdaisy.a(spi.o)
                0x000000000800f2e8                HAL_SPI_RxCpltCallback
 .text.HAL_SPI_TxRxCpltCallback
                0x000000000800f3ac       0xc4 ../libDaisy/build/libdaisy.a(spi.o)
                0x000000000800f3ac                HAL_SPI_TxRxCpltCallback
 .text.HAL_SPI_ErrorCallback
                0x000000000800f470       0xc8 ../libDaisy/build/libdaisy.a(spi.o)
                0x000000000800f470                HAL_SPI_ErrorCallback
 .text.startup._GLOBAL__sub_I__Z19MapInstanceToHandleP11SPI_TypeDef
                0x000000000800f538      0x1b0 ../libDaisy/build/libdaisy.a(spi.o)
 .text.HAL_TIM_Base_MspInit
                0x000000000800f6e8      0x1e0 ../libDaisy/build/libdaisy.a(tim.o)
                0x000000000800f6e8                HAL_TIM_Base_MspInit
 .text.HAL_TIM_PeriodElapsedCallback
                0x000000000800f8c8       0x44 ../libDaisy/build/libdaisy.a(tim.o)
                0x000000000800f8c8                HAL_TIM_PeriodElapsedCallback
 .text.TIM2_IRQHandler
                0x000000000800f90c        0xc ../libDaisy/build/libdaisy.a(tim.o)
                0x000000000800f90c                TIM2_IRQHandler
 .text.TIM3_IRQHandler
                0x000000000800f918        0xc ../libDaisy/build/libdaisy.a(tim.o)
                0x000000000800f918                TIM3_IRQHandler
 .text.TIM4_IRQHandler
                0x000000000800f924        0xc ../libDaisy/build/libdaisy.a(tim.o)
                0x000000000800f924                TIM4_IRQHandler
 .text.TIM5_IRQHandler
                0x000000000800f930        0xc ../libDaisy/build/libdaisy.a(tim.o)
                0x000000000800f930                TIM5_IRQHandler
 .text._ZN5daisy11TimerHandle4InitERKNS0_6ConfigE
                0x000000000800f93c       0xd0 ../libDaisy/build/libdaisy.a(tim.o)
                0x000000000800f93c                daisy::TimerHandle::Init(daisy::TimerHandle::Config const&)
 .text._ZN5daisy11TimerHandle5StartEv
                0x000000000800fa0c       0x24 ../libDaisy/build/libdaisy.a(tim.o)
                0x000000000800fa0c                daisy::TimerHandle::Start()
 .text.startup._GLOBAL__sub_I__ZN5daisy11TimerHandle4Impl4InitERKNS0_6ConfigE
                0x000000000800fa30       0x38 ../libDaisy/build/libdaisy.a(tim.o)
 .text._ZL20UART_CheckRxListenerPN5daisy11UartHandler4ImplE
                0x000000000800fa68       0x84 ../libDaisy/build/libdaisy.a(uart.o)
 .text._ZN5daisy11UartHandler4Impl10StartDmaTxEPhjPFvPvEPFvS3_NS0_6ResultEES3_
                0x000000000800faec      0x184 ../libDaisy/build/libdaisy.a(uart.o)
                0x000000000800faec                daisy::UartHandler::Impl::StartDmaTx(unsigned char*, unsigned int, void (*)(void*), void (*)(void*, daisy::UartHandler::Result), void*)
 .text._ZN5daisy11UartHandler4Impl10StartDmaRxEPhjPFvPvEPFvS3_NS0_6ResultEES3_
                0x000000000800fc70      0x184 ../libDaisy/build/libdaisy.a(uart.o)
                0x000000000800fc70                daisy::UartHandler::Impl::StartDmaRx(unsigned char*, unsigned int, void (*)(void*), void (*)(void*, daisy::UartHandler::Result), void*)
 .text._ZN5daisy11UartHandler4Impl19DmaTransferFinishedEP20__UART_HandleTypeDefNS0_6ResultE
                0x000000000800fdf4       0xc0 ../libDaisy/build/libdaisy.a(uart.o)
                0x000000000800fdf4                daisy::UartHandler::Impl::DmaTransferFinished(__UART_HandleTypeDef*, daisy::UartHandler::Result)
 .text._ZN5daisy11UartHandler4Impl8InitPinsEv
                0x000000000800feb4      0x154 ../libDaisy/build/libdaisy.a(uart.o)
                0x000000000800feb4                daisy::UartHandler::Impl::InitPins()
 .text.HAL_UART_MspInit
                0x0000000008010008      0x210 ../libDaisy/build/libdaisy.a(uart.o)
                0x0000000008010008                HAL_UART_MspInit
 .text.dsy_uart_global_init
                0x0000000008010218       0xfc ../libDaisy/build/libdaisy.a(uart.o)
                0x0000000008010218                dsy_uart_global_init
 .text.USART1_IRQHandler
                0x0000000008010314       0x2c ../libDaisy/build/libdaisy.a(uart.o)
                0x0000000008010314                USART1_IRQHandler
 .text.USART2_IRQHandler
                0x0000000008010340       0x34 ../libDaisy/build/libdaisy.a(uart.o)
                0x0000000008010340                USART2_IRQHandler
 .text.USART3_IRQHandler
                0x0000000008010374       0x34 ../libDaisy/build/libdaisy.a(uart.o)
                0x0000000008010374                USART3_IRQHandler
 .text.UART4_IRQHandler
                0x00000000080103a8       0x34 ../libDaisy/build/libdaisy.a(uart.o)
                0x00000000080103a8                UART4_IRQHandler
 .text.UART5_IRQHandler
                0x00000000080103dc       0x34 ../libDaisy/build/libdaisy.a(uart.o)
                0x00000000080103dc                UART5_IRQHandler
 .text.USART6_IRQHandler
                0x0000000008010410       0x34 ../libDaisy/build/libdaisy.a(uart.o)
                0x0000000008010410                USART6_IRQHandler
 .text.UART7_IRQHandler
                0x0000000008010444       0x34 ../libDaisy/build/libdaisy.a(uart.o)
                0x0000000008010444                UART7_IRQHandler
 .text.UART8_IRQHandler
                0x0000000008010478       0x34 ../libDaisy/build/libdaisy.a(uart.o)
                0x0000000008010478                UART8_IRQHandler
 .text.LPUART1_IRQHandler
                0x00000000080104ac       0x34 ../libDaisy/build/libdaisy.a(uart.o)
                0x00000000080104ac                LPUART1_IRQHandler
 .text.DMA1_Stream5_IRQHandler
                0x00000000080104e0       0x34 ../libDaisy/build/libdaisy.a(uart.o)
                0x00000000080104e0                DMA1_Stream5_IRQHandler
 .text.DMA2_Stream4_IRQHandler
                0x0000000008010514       0x38 ../libDaisy/build/libdaisy.a(uart.o)
                0x0000000008010514                DMA2_Stream4_IRQHandler
 .text.HAL_UART_TxCpltCallback
                0x000000000801054c        0x8 ../libDaisy/build/libdaisy.a(uart.o)
                0x000000000801054c                HAL_UART_TxCpltCallback
 .text.HAL_UART_RxCpltCallback
                0x0000000008010554       0x94 ../libDaisy/build/libdaisy.a(uart.o)
                0x0000000008010554                HAL_UART_RxCpltCallback
 .text.HAL_UART_RxHalfCpltCallback
                0x00000000080105e8       0x90 ../libDaisy/build/libdaisy.a(uart.o)
                0x00000000080105e8                HAL_UART_RxHalfCpltCallback
 .text.HAL_UART_ErrorCallback
                0x0000000008010678        0x8 ../libDaisy/build/libdaisy.a(uart.o)
                0x0000000008010678                HAL_UART_ErrorCallback
 .text.startup._GLOBAL__sub_I__Z19MapInstanceToHandleP13USART_TypeDef
                0x0000000008010680      0x194 ../libDaisy/build/libdaisy.a(uart.o)
 .text.dsy_dma_init
                0x0000000008010814      0x100 ../libDaisy/build/libdaisy.a(dma.o)
                0x0000000008010814                dsy_dma_init
 .text.dsy_dma_invalidate_cache_for_buffer
                0x0000000008010914       0x2c ../libDaisy/build/libdaisy.a(dma.o)
                0x0000000008010914                dsy_dma_invalidate_cache_for_buffer
 .text.HAL_MDMA_Abort_IT
                0x0000000008010940       0x2c ../libDaisy/build/libdaisy.a(stm32h7xx_hal_mdma.o)
                0x0000000008010940                HAL_MDMA_Abort_IT
 .text.SPI_CloseTransfer
                0x000000000801096c       0xb8 ../libDaisy/build/libdaisy.a(stm32h7xx_hal_spi.o)
 .text.HAL_SPI_Init
                0x0000000008010a24      0x15c ../libDaisy/build/libdaisy.a(stm32h7xx_hal_spi.o)
                0x0000000008010a24                HAL_SPI_Init
 .text.HAL_SPI_Transmit_DMA
                0x0000000008010b80      0x170 ../libDaisy/build/libdaisy.a(stm32h7xx_hal_spi.o)
                0x0000000008010b80                HAL_SPI_Transmit_DMA
 .text.HAL_SPI_TransmitReceive_DMA
                0x0000000008010cf0      0x218 ../libDaisy/build/libdaisy.a(stm32h7xx_hal_spi.o)
                0x0000000008010cf0                HAL_SPI_TransmitReceive_DMA
 .text.HAL_SPI_Receive_DMA
                0x0000000008010f08      0x1b4 ../libDaisy/build/libdaisy.a(stm32h7xx_hal_spi.o)
                0x0000000008010f08                HAL_SPI_Receive_DMA
 .text.SPI_DMATransmitCplt
                0x00000000080110bc       0x28 ../libDaisy/build/libdaisy.a(stm32h7xx_hal_spi.o)
 .text.SPI_DMAReceiveCplt
                0x00000000080110e4       0x28 ../libDaisy/build/libdaisy.a(stm32h7xx_hal_spi.o)
 .text.SPI_DMATransmitReceiveCplt
                0x000000000801110c       0x28 ../libDaisy/build/libdaisy.a(stm32h7xx_hal_spi.o)
 .text.HAL_SPI_TxHalfCpltCallback
                0x0000000008011134        0x4 ../libDaisy/build/libdaisy.a(stm32h7xx_hal_spi.o)
                0x0000000008011134                HAL_SPI_TxHalfCpltCallback
 .text.SPI_DMAHalfTransmitCplt
                0x0000000008011138        0xc ../libDaisy/build/libdaisy.a(stm32h7xx_hal_spi.o)
 .text.HAL_SPI_RxHalfCpltCallback
                0x0000000008011144        0x4 ../libDaisy/build/libdaisy.a(stm32h7xx_hal_spi.o)
                0x0000000008011144                HAL_SPI_RxHalfCpltCallback
 .text.SPI_DMAHalfReceiveCplt
                0x0000000008011148        0xc ../libDaisy/build/libdaisy.a(stm32h7xx_hal_spi.o)
 .text.HAL_SPI_TxRxHalfCpltCallback
                0x0000000008011154        0x4 ../libDaisy/build/libdaisy.a(stm32h7xx_hal_spi.o)
                0x0000000008011154                HAL_SPI_TxRxHalfCpltCallback
 .text.SPI_DMAHalfTransmitReceiveCplt
                0x0000000008011158        0xc ../libDaisy/build/libdaisy.a(stm32h7xx_hal_spi.o)
 .text.SPI_DMAError
                0x0000000008011164       0xd8 ../libDaisy/build/libdaisy.a(stm32h7xx_hal_spi.o)
 .text.HAL_SPI_IRQHandler
                0x000000000801123c      0x23c ../libDaisy/build/libdaisy.a(stm32h7xx_hal_spi.o)
                0x000000000801123c                HAL_SPI_IRQHandler
 .text.SPI_DMAAbortOnError
                0x0000000008011478       0x1c ../libDaisy/build/libdaisy.a(stm32h7xx_hal_spi.o)
 .text.HAL_SPI_GetState
                0x0000000008011494        0x8 ../libDaisy/build/libdaisy.a(stm32h7xx_hal_spi.o)
                0x0000000008011494                HAL_SPI_GetState
 .text.HAL_TIM_Base_Init
                0x000000000801149c      0x140 ../libDaisy/build/libdaisy.a(stm32h7xx_hal_tim.o)
                0x000000000801149c                HAL_TIM_Base_Init
 .text.HAL_TIM_Base_Start
                0x00000000080115dc       0x34 ../libDaisy/build/libdaisy.a(stm32h7xx_hal_tim.o)
                0x00000000080115dc                HAL_TIM_Base_Start
 .text.HAL_TIM_Base_Start_IT
                0x0000000008011610       0x2c ../libDaisy/build/libdaisy.a(stm32h7xx_hal_tim.o)
                0x0000000008011610                HAL_TIM_Base_Start_IT
 .text.HAL_TIM_ConfigClockSource
                0x000000000801163c      0x17c ../libDaisy/build/libdaisy.a(stm32h7xx_hal_tim.o)
                0x000000000801163c                HAL_TIM_ConfigClockSource